Archive member included to satisfy reference by file (symbol)

/usr/local/gcc-arm-none-eabi-5_4-2016q3/bin/../lib/gcc/arm-none-eabi/5.4.1/../../../../arm-none-eabi/lib/armv7e-m/fpu/libc_nano.a(lib_a-exit.o)
                              /usr/local/gcc-arm-none-eabi-5_4-2016q3/bin/../lib/gcc/arm-none-eabi/5.4.1/../../../../arm-none-eabi/lib/armv7e-m/fpu/crt0.o (exit)
/usr/local/gcc-arm-none-eabi-5_4-2016q3/bin/../lib/gcc/arm-none-eabi/5.4.1/../../../../arm-none-eabi/lib/armv7e-m/fpu/libc_nano.a(lib_a-impure.o)
                              /usr/local/gcc-arm-none-eabi-5_4-2016q3/bin/../lib/gcc/arm-none-eabi/5.4.1/../../../../arm-none-eabi/lib/armv7e-m/fpu/libc_nano.a(lib_a-exit.o) (_global_impure_ptr)
/usr/local/gcc-arm-none-eabi-5_4-2016q3/bin/../lib/gcc/arm-none-eabi/5.4.1/../../../../arm-none-eabi/lib/armv7e-m/fpu/libc_nano.a(lib_a-init.o)
                              /usr/local/gcc-arm-none-eabi-5_4-2016q3/bin/../lib/gcc/arm-none-eabi/5.4.1/../../../../arm-none-eabi/lib/armv7e-m/fpu/crt0.o (__libc_init_array)
/usr/local/gcc-arm-none-eabi-5_4-2016q3/bin/../lib/gcc/arm-none-eabi/5.4.1/../../../../arm-none-eabi/lib/armv7e-m/fpu/libc_nano.a(lib_a-memset.o)
                              /usr/local/gcc-arm-none-eabi-5_4-2016q3/bin/../lib/gcc/arm-none-eabi/5.4.1/../../../../arm-none-eabi/lib/armv7e-m/fpu/crt0.o (memset)
/usr/local/gcc-arm-none-eabi-5_4-2016q3/bin/../lib/gcc/arm-none-eabi/5.4.1/../../../../arm-none-eabi/lib/armv7e-m/fpu/libnosys.a(_exit.o)
                              /usr/local/gcc-arm-none-eabi-5_4-2016q3/bin/../lib/gcc/arm-none-eabi/5.4.1/../../../../arm-none-eabi/lib/armv7e-m/fpu/libc_nano.a(lib_a-exit.o) (_exit)
/usr/local/gcc-arm-none-eabi-5_4-2016q3/bin/../lib/gcc/arm-none-eabi/5.4.1/../../../../arm-none-eabi/lib/armv7e-m/fpu/libc_nano.a(lib_a-locale.o)
                              _build/nrf52832_xxaa_nrf_log_backend_serial.c.o (__locale_ctype_ptr)
/usr/local/gcc-arm-none-eabi-5_4-2016q3/bin/../lib/gcc/arm-none-eabi/5.4.1/../../../../arm-none-eabi/lib/armv7e-m/fpu/libc_nano.a(lib_a-mbtowc_r.o)
                              /usr/local/gcc-arm-none-eabi-5_4-2016q3/bin/../lib/gcc/arm-none-eabi/5.4.1/../../../../arm-none-eabi/lib/armv7e-m/fpu/libc_nano.a(lib_a-locale.o) (__ascii_mbtowc)
/usr/local/gcc-arm-none-eabi-5_4-2016q3/bin/../lib/gcc/arm-none-eabi/5.4.1/../../../../arm-none-eabi/lib/armv7e-m/fpu/libc_nano.a(lib_a-memcpy-stub.o)
                              _build/nrf52832_xxaa_nrf_log_backend_serial.c.o (memcpy)
/usr/local/gcc-arm-none-eabi-5_4-2016q3/bin/../lib/gcc/arm-none-eabi/5.4.1/../../../../arm-none-eabi/lib/armv7e-m/fpu/libc_nano.a(lib_a-snprintf.o)
                              _build/nrf52832_xxaa_nrf_log_backend_serial.c.o (snprintf)
/usr/local/gcc-arm-none-eabi-5_4-2016q3/bin/../lib/gcc/arm-none-eabi/5.4.1/../../../../arm-none-eabi/lib/armv7e-m/fpu/libc_nano.a(lib_a-strcmp.o)
                              /usr/local/gcc-arm-none-eabi-5_4-2016q3/bin/../lib/gcc/arm-none-eabi/5.4.1/../../../../arm-none-eabi/lib/armv7e-m/fpu/libc_nano.a(lib_a-locale.o) (strcmp)
/usr/local/gcc-arm-none-eabi-5_4-2016q3/bin/../lib/gcc/arm-none-eabi/5.4.1/../../../../arm-none-eabi/lib/armv7e-m/fpu/libc_nano.a(lib_a-strcpy.o)
                              _build/nrf52832_xxaa_SEGGER_RTT.c.o (strcpy)
/usr/local/gcc-arm-none-eabi-5_4-2016q3/bin/../lib/gcc/arm-none-eabi/5.4.1/../../../../arm-none-eabi/lib/armv7e-m/fpu/libc_nano.a(lib_a-strlen.o)
                              _build/nrf52832_xxaa_nrf_log_backend_serial.c.o (strlen)
/usr/local/gcc-arm-none-eabi-5_4-2016q3/bin/../lib/gcc/arm-none-eabi/5.4.1/../../../../arm-none-eabi/lib/armv7e-m/fpu/libc_nano.a(lib_a-wctomb_r.o)
                              /usr/local/gcc-arm-none-eabi-5_4-2016q3/bin/../lib/gcc/arm-none-eabi/5.4.1/../../../../arm-none-eabi/lib/armv7e-m/fpu/libc_nano.a(lib_a-locale.o) (__ascii_wctomb)
/usr/local/gcc-arm-none-eabi-5_4-2016q3/bin/../lib/gcc/arm-none-eabi/5.4.1/../../../../arm-none-eabi/lib/armv7e-m/fpu/libc_nano.a(lib_a-ctype_.o)
                              /usr/local/gcc-arm-none-eabi-5_4-2016q3/bin/../lib/gcc/arm-none-eabi/5.4.1/../../../../arm-none-eabi/lib/armv7e-m/fpu/libc_nano.a(lib_a-locale.o) (_ctype_)
/usr/local/gcc-arm-none-eabi-5_4-2016q3/bin/../lib/gcc/arm-none-eabi/5.4.1/../../../../arm-none-eabi/lib/armv7e-m/fpu/libc_nano.a(lib_a-nano-svfprintf.o)
                              /usr/local/gcc-arm-none-eabi-5_4-2016q3/bin/../lib/gcc/arm-none-eabi/5.4.1/../../../../arm-none-eabi/lib/armv7e-m/fpu/libc_nano.a(lib_a-snprintf.o) (_svfprintf_r)
/usr/local/gcc-arm-none-eabi-5_4-2016q3/bin/../lib/gcc/arm-none-eabi/5.4.1/../../../../arm-none-eabi/lib/armv7e-m/fpu/libc_nano.a(lib_a-nano-vfprintf_i.o)
                              /usr/local/gcc-arm-none-eabi-5_4-2016q3/bin/../lib/gcc/arm-none-eabi/5.4.1/../../../../arm-none-eabi/lib/armv7e-m/fpu/libc_nano.a(lib_a-nano-svfprintf.o) (_printf_i)
[...]
Memory Configuration

Name             Origin             Length             Attributes
FLASH            0x00000000         0x00080000         xr
RAM              0x20000000         0x00010000         xrw
*default*        0x00000000         0xffffffff

Linker script and memory map


.text           0x00000000     0x2aa8
 *(.isr_vector)
 .isr_vector    0x00000000      0x400 _build/nrf52832_xxaa_gcc_startup_nrf52.S.o
                0x00000000                __isr_vector
 *(.text*)
 .text          0x00000400       0x5c /usr/local/gcc-arm-none-eabi-5_4-2016q3/bin/../lib/gcc/arm-none-eabi/5.4.1/armv7e-m/fpu/crtbegin.o
 .text          0x0000045c       0x74 /usr/local/gcc-arm-none-eabi-5_4-2016q3/bin/../lib/gcc/arm-none-eabi/5.4.1/../../../../arm-none-eabi/lib/armv7e-m/fpu/crt0.o
                0x0000045c                _mainCRTStartup
                0x0000045c                _start
 .text.exit     0x000004d0       0x28 /usr/local/gcc-arm-none-eabi-5_4-2016q3/bin/../lib/gcc/arm-none-eabi/5.4.1/../../../../arm-none-eabi/lib/armv7e-m/fpu/libc_nano.a(lib_a-exit.o)
                0x000004d0                exit
 .text.__libc_init_array
                0x000004f8       0x4c /usr/local/gcc-arm-none-eabi-5_4-2016q3/bin/../lib/gcc/arm-none-eabi/5.4.1/../../../../arm-none-eabi/lib/armv7e-m/fpu/libc_nano.a(lib_a-init.o)
                0x000004f8                __libc_init_array
 .text.memset   0x00000544       0x10 /usr/local/gcc-arm-none-eabi-5_4-2016q3/bin/../lib/gcc/arm-none-eabi/5.4.1/../../../../arm-none-eabi/lib/armv7e-m/fpu/libc_nano.a(lib_a-memset.o)
                0x00000544                memset
 .text._exit    0x00000554        0x4 /usr/local/gcc-arm-none-eabi-5_4-2016q3/bin/../lib/gcc/arm-none-eabi/5.4.1/../../../../arm-none-eabi/lib/armv7e-m/fpu/libnosys.a(_exit.o)
                0x00000554                _exit
 .text.nrf_log_frontend_std_0
                0x00000558       0x1c _build/nrf52832_xxaa_nrf_log_frontend.c.o
                0x00000558                nrf_log_frontend_std_0
 .text.app_error_handler_bare
                0x00000574       0x20 _build/nrf52832_xxaa_app_error.c.o
                0x00000574                app_error_handler_bare
 .text.app_error_fault_handler
                0x00000594       0x30 _build/nrf52832_xxaa_app_error_weak.c.o
                0x00000594                app_error_fault_handler
 .text.nrf_drv_common_irq_enable
                0x000005c4       0x48 _build/nrf52832_xxaa_nrf_drv_common.c.o
                0x000005c4                nrf_drv_common_irq_enable
 .text.finish_transfer
                0x0000060c       0x24 _build/nrf52832_xxaa_nrf_drv_spi.c.o
 .text.irq_handler_spim
                0x00000630       0x28 _build/nrf52832_xxaa_nrf_drv_spi.c.o
 .text.SPIM0_SPIS0_TWIM0_TWIS0_SPI0_TWI0_IRQHandler
                0x00000658       0x14 _build/nrf52832_xxaa_nrf_drv_spi.c.o
                0x00000658                SPIM0_SPIS0_TWIM0_TWIS0_SPI0_TWI0_IRQHandler
 .text.UARTE0_UART0_IRQHandler
                0x0000066c      0x34c _build/nrf52832_xxaa_nrf_drv_uart.c.o
                0x0000066c                UARTE0_UART0_IRQHandler
 .text.irq_handler
                0x000009b8       0x44 _build/nrf52832_xxaa_nrf_drv_timer.c.o
 .text.TIMER0_IRQHandler
                0x000009fc       0x18 _build/nrf52832_xxaa_nrf_drv_timer.c.o
                0x000009fc                TIMER0_IRQHandler
 .text.twi_process_error
                0x00000a14       0x28 _build/nrf52832_xxaa_nrf_drv_twi.c.o
 .text.irq_handler_twim
                0x00000a3c      0x164 _build/nrf52832_xxaa_nrf_drv_twi.c.o
 .text.twi_clear_bus
                0x00000ba0      0x2b0 _build/nrf52832_xxaa_nrf_drv_twi.c.o
 .text.nrf_drv_twi_init
                0x00000e50       0xa8 _build/nrf52832_xxaa_nrf_drv_twi.c.o
                0x00000e50                nrf_drv_twi_init
 .text.nrf_drv_twi_enable
                0x00000ef8       0x20 _build/nrf52832_xxaa_nrf_drv_twi.c.o
                0x00000ef8                nrf_drv_twi_enable
 .text.nrf_drv_twi_xfer
                0x00000f18      0x27c _build/nrf52832_xxaa_nrf_drv_twi.c.o
                0x00000f18                nrf_drv_twi_xfer
 .text.nrf_drv_twi_tx
                0x00001194       0x2c _build/nrf52832_xxaa_nrf_drv_twi.c.o
                0x00001194                nrf_drv_twi_tx
 .text.nrf_drv_twi_rx
                0x000011c0       0x28 _build/nrf52832_xxaa_nrf_drv_twi.c.o
                0x000011c0                nrf_drv_twi_rx
 .text.SPIM1_SPIS1_TWIM1_TWIS1_SPI1_TWI1_IRQHandler
                0x000011e8       0x14 _build/nrf52832_xxaa_nrf_drv_twi.c.o
                0x000011e8                SPIM1_SPIS1_TWIM1_TWIS1_SPI1_TWI1_IRQHandler
 .text.twi_handler
                0x000011fc       0x40 _build/nrf52832_xxaa_main.c.o
                0x000011fc                twi_handler
 .text.nrf_esb_event_handler
                0x0000123c       0x50 _build/nrf52832_xxaa_main.c.o
                0x0000123c                nrf_esb_event_handler
 .text.SAADC_IRQHandler
                0x0000128c       0x18 _build/nrf52832_xxaa_main.c.o
                0x0000128c                SAADC_IRQHandler
 .text.saadc_init
                0x000012a4       0xa0 _build/nrf52832_xxaa_main.c.o
                0x000012a4                saadc_init
 .text.saadc_configure
                0x00001344       0x10 _build/nrf52832_xxaa_main.c.o
                0x00001344                saadc_configure
 .text.saadc_read
                0x00001354       0x28 _build/nrf52832_xxaa_main.c.o
                0x00001354                saadc_read
 .text.writeAccel
                0x0000137c       0x38 _build/nrf52832_xxaa_main.c.o
                0x0000137c                writeAccel
 .text.readAccel
                0x000013b4       0x48 _build/nrf52832_xxaa_main.c.o
                0x000013b4                readAccel
 .text.enableAccel
                0x000013fc       0x64 _build/nrf52832_xxaa_main.c.o
                0x000013fc                enableAccel
 .text.readAccelXYZ
                0x00001460        0xc _build/nrf52832_xxaa_main.c.o
                0x00001460                readAccelXYZ
 .text.setClickCnfg
                0x0000146c       0xc0 _build/nrf52832_xxaa_main.c.o
                0x0000146c                setClickCnfg
 .text.twi_init
                0x0000152c       0xcc _build/nrf52832_xxaa_main.c.o
                0x0000152c                twi_init
 .text.clocks_start
                0x000015f8       0x1c _build/nrf52832_xxaa_main.c.o
                0x000015f8                clocks_start
 .text.esb_init
                0x00001614       0x90 _build/nrf52832_xxaa_main.c.o
                0x00001614                esb_init
 .text.main     0x000016a4       0xc0 _build/nrf52832_xxaa_main.c.o
                0x000016a4                main
 .text.update_rf_payload_format_esb_dpl
                0x00001764       0x2c _build/nrf52832_xxaa_nrf_esb.c.o
 .text.update_rf_payload_format_esb
                0x00001790       0x2c _build/nrf52832_xxaa_nrf_esb.c.o
 .text.update_radio_tx_power
                0x000017bc       0x14 _build/nrf52832_xxaa_nrf_esb.c.o
 .text.update_radio_bitrate
                0x000017d0       0x44 _build/nrf52832_xxaa_nrf_esb.c.o
 .text.update_radio_protocol
                0x00001814       0x2c _build/nrf52832_xxaa_nrf_esb.c.o
 .text.update_radio_crc
                0x00001840       0x44 _build/nrf52832_xxaa_nrf_esb.c.o
 .text.update_radio_parameters
                0x00001884       0x28 _build/nrf52832_xxaa_nrf_esb.c.o
 .text.reset_fifos
                0x000018ac       0x1c _build/nrf52832_xxaa_nrf_esb.c.o
 .text.initialize_fifos
                0x000018c8       0x50 _build/nrf52832_xxaa_nrf_esb.c.o
 .text.tx_fifo_remove_last
                0x00001918       0x34 _build/nrf52832_xxaa_nrf_esb.c.o
 .text.sys_timer_init
                0x0000194c       0x1c _build/nrf52832_xxaa_nrf_esb.c.o
 .text.ppi_init
                0x00001968       0x54 _build/nrf52832_xxaa_nrf_esb.c.o
 .text.on_radio_disabled_tx
                0x000019bc       0x8c _build/nrf52832_xxaa_nrf_esb.c.o
 .text.clear_events_restart_rx
                0x00001a48       0x58 _build/nrf52832_xxaa_nrf_esb.c.o
 .text.on_radio_disabled_rx_ack
                0x00001aa0       0x48 _build/nrf52832_xxaa_nrf_esb.c.o
 .text.nrf_esb_get_clear_interrupts
                0x00001ae8       0x3c _build/nrf52832_xxaa_nrf_esb.c.o
 .text.start_tx_transaction
                0x00001b24      0x160 _build/nrf52832_xxaa_nrf_esb.c.o
 .text.on_radio_disabled_tx_noack
                0x00001c84       0x48 _build/nrf52832_xxaa_nrf_esb.c.o
 .text.rx_fifo_push_rfbuf
                0x00001ccc       0xa4 _build/nrf52832_xxaa_nrf_esb.c.o
 .text.on_radio_disabled_tx_wait_for_ack
                0x00001d70      0x16c _build/nrf52832_xxaa_nrf_esb.c.o
 .text.on_radio_disabled_rx
                0x00001edc      0x1d4 _build/nrf52832_xxaa_nrf_esb.c.o
 .text.bytewise_bit_swap
                0x000020b0        0xc _build/nrf52832_xxaa_nrf_esb.c.o
 .text.addr_conv
                0x000020bc        0xc _build/nrf52832_xxaa_nrf_esb.c.o
 .text.update_radio_addresses
                0x000020c8       0x58 _build/nrf52832_xxaa_nrf_esb.c.o
 .text.RADIO_IRQHandler
                0x00002120       0x68 _build/nrf52832_xxaa_nrf_esb.c.o
                0x00002120                RADIO_IRQHandler
 .text.nrf_esb_disable
                0x00002188       0x58 _build/nrf52832_xxaa_nrf_esb.c.o
                0x00002188                nrf_esb_disable
 .text.nrf_esb_init
                0x000021e0       0xa8 _build/nrf52832_xxaa_nrf_esb.c.o
                0x000021e0                nrf_esb_init
 .text.SWI0_EGU0_IRQHandler
                0x00002288       0x64 _build/nrf52832_xxaa_nrf_esb.c.o
                0x00002288                SWI0_EGU0_IRQHandler
 .text.nrf_esb_write_payload
                0x000022ec       0xf8 _build/nrf52832_xxaa_nrf_esb.c.o
                0x000022ec                nrf_esb_write_payload
 .text.nrf_esb_read_rx_payload
                0x000023e4       0x74 _build/nrf52832_xxaa_nrf_esb.c.o
                0x000023e4                nrf_esb_read_rx_payload
 .text.nrf_esb_start_rx
                0x00002458       0x80 _build/nrf52832_xxaa_nrf_esb.c.o
                0x00002458                nrf_esb_start_rx
 .text.nrf_esb_flush_tx
                0x000024d8       0x2c _build/nrf52832_xxaa_nrf_esb.c.o
                0x000024d8                nrf_esb_flush_tx
 .text.nrf_esb_set_base_address_0
                0x00002504       0x30 _build/nrf52832_xxaa_nrf_esb.c.o
                0x00002504                nrf_esb_set_base_address_0
 .text.nrf_esb_set_base_address_1
                0x00002534       0x30 _build/nrf52832_xxaa_nrf_esb.c.o
                0x00002534                nrf_esb_set_base_address_1
 .text.nrf_esb_set_prefixes
                0x00002564       0x4c _build/nrf52832_xxaa_nrf_esb.c.o
                0x00002564                nrf_esb_set_prefixes
 .text.nrf_esb_set_rf_channel
                0x000025b0       0x24 _build/nrf52832_xxaa_nrf_esb.c.o
                0x000025b0                nrf_esb_set_rf_channel
 .text          0x000025d4       0x3c _build/nrf52832_xxaa_gcc_startup_nrf52.S.o
                0x000025d4                Reset_Handler
                0x000025fc                NMI_Handler
                0x000025fe                HardFault_Handler
                0x00002600                MemoryManagement_Handler
                0x00002602                BusFault_Handler
                0x00002604                UsageFault_Handler
                0x00002606                SVC_Handler
                0x00002608                DebugMon_Handler
                0x0000260a                PendSV_Handler
                0x0000260c                SysTick_Handler
                0x0000260e                TIMER2_IRQHandler
                0x0000260e                RTC0_IRQHandler
                0x0000260e                SWI2_EGU2_IRQHandler
                0x0000260e                GPIOTE_IRQHandler
                0x0000260e                PWM1_IRQHandler
                0x0000260e                POWER_CLOCK_IRQHandler
                0x0000260e                PDM_IRQHandler
                0x0000260e                TEMP_IRQHandler
                0x0000260e                QDEC_IRQHandler
                0x0000260e                TIMER3_IRQHandler
                0x0000260e                FPU_IRQHandler
                0x0000260e                TIMER4_IRQHandler
                0x0000260e                I2S_IRQHandler
                0x0000260e                SWI4_EGU4_IRQHandler
                0x0000260e                TIMER1_IRQHandler
                0x0000260e                PWM2_IRQHandler
                0x0000260e                ECB_IRQHandler
                0x0000260e                Default_Handler
                0x0000260e                CCM_AAR_IRQHandler
                0x0000260e                WDT_IRQHandler
                0x0000260e                SWI5_EGU5_IRQHandler
                0x0000260e                RNG_IRQHandler
                0x0000260e                RTC2_IRQHandler
                0x0000260e                PWM0_IRQHandler
                0x0000260e                SWI3_EGU3_IRQHandler
                0x0000260e                RTC1_IRQHandler
                0x0000260e                SWI1_EGU1_IRQHandler
                0x0000260e                SPIM2_SPIS2_SPI2_IRQHandler
                0x0000260e                NFCT_IRQHandler
                0x0000260e                MWU_IRQHandler
                0x0000260e                COMP_LPCOMP_IRQHandler
 .text.errata_16
                0x00002610       0x3c _build/nrf52832_xxaa_system_nrf52.c.o
 .text.errata_31
                0x0000264c       0x4c _build/nrf52832_xxaa_system_nrf52.c.o
 .text.errata_32
                0x00002698       0x3c _build/nrf52832_xxaa_system_nrf52.c.o
 .text.errata_36
                0x000026d4       0x4c _build/nrf52832_xxaa_system_nrf52.c.o
 .text.errata_37
                0x00002720       0x3c _build/nrf52832_xxaa_system_nrf52.c.o
 .text.errata_57
                0x0000275c       0x3c _build/nrf52832_xxaa_system_nrf52.c.o
 .text.errata_66
                0x00002798       0x3c _build/nrf52832_xxaa_system_nrf52.c.o
 .text.errata_108
                0x000027d4       0x4c _build/nrf52832_xxaa_system_nrf52.c.o
 .text.SystemCoreClockUpdate
                0x00002820       0x10 _build/nrf52832_xxaa_system_nrf52.c.o
                0x00002820                SystemCoreClockUpdate
 .text.SystemInit
                0x00002830      0x1e8 _build/nrf52832_xxaa_system_nrf52.c.o
                0x00002830                SystemInit
 .text.memcpy   0x00002a18       0x16 /usr/local/gcc-arm-none-eabi-5_4-2016q3/bin/../lib/gcc/arm-none-eabi/5.4.1/../../../../arm-none-eabi/lib/armv7e-m/fpu/libc_nano.a(lib_a-memcpy-stub.o)
                0x00002a18                memcpy
 *(.init)
 *fill*         0x00002a2e        0x2 
 .init          0x00002a30        0x4 /usr/local/gcc-arm-none-eabi-5_4-2016q3/bin/../lib/gcc/arm-none-eabi/5.4.1/armv7e-m/fpu/crti.o
                0x00002a30                _init
 .init          0x00002a34        0x8 /usr/local/gcc-arm-none-eabi-5_4-2016q3/bin/../lib/gcc/arm-none-eabi/5.4.1/armv7e-m/fpu/crtn.o
 *(.fini)
 .fini          0x00002a3c        0x4 /usr/local/gcc-arm-none-eabi-5_4-2016q3/bin/../lib/gcc/arm-none-eabi/5.4.1/armv7e-m/fpu/crti.o
                0x00002a3c                _fini
 .fini          0x00002a40        0x8 /usr/local/gcc-arm-none-eabi-5_4-2016q3/bin/../lib/gcc/arm-none-eabi/5.4.1/armv7e-m/fpu/crtn.o
 *crtbegin.o(.ctors)
 *crtbegin?.o(.ctors)
 *(EXCLUDE_FILE(*crtend.o *crtend?.o) .ctors)
 *(SORT(.ctors.*))
 *(.ctors)
 *crtbegin.o(.dtors)
 *crtbegin?.o(.dtors)
 *(EXCLUDE_FILE(*crtend.o *crtend?.o) .dtors)
 *(SORT(.dtors.*))
 *(.dtors)
 *(.rodata*)
 .rodata._global_impure_ptr
                0x00002a48        0x4 /usr/local/gcc-arm-none-eabi-5_4-2016q3/bin/../lib/gcc/arm-none-eabi/5.4.1/../../../../arm-none-eabi/lib/armv7e-m/fpu/libc_nano.a(lib_a-impure.o)
                0x00002a48                _global_impure_ptr
 .rodata.str1.4
                0x00002a4c       0x18 _build/nrf52832_xxaa_app_error_weak.c.o
 .rodata        0x00002a64       0x38 _build/nrf52832_xxaa_main.c.o
 .rodata.m_twi_device
                0x00002a9c        0x8 _build/nrf52832_xxaa_main.c.o
 *(.eh_frame*)
 .eh_frame      0x00002aa4        0x0 /usr/local/gcc-arm-none-eabi-5_4-2016q3/bin/../lib/gcc/arm-none-eabi/5.4.1/armv7e-m/fpu/crtbegin.o
 .eh_frame      0x00002aa4        0x4 /usr/local/gcc-arm-none-eabi-5_4-2016q3/bin/../lib/gcc/arm-none-eabi/5.4.1/armv7e-m/fpu/crtend.o

.glue_7         0x00002aa8        0x0
 .glue_7        0x00002aa8        0x0 linker stubs

.glue_7t        0x00002aa8        0x0
 .glue_7t       0x00002aa8        0x0 linker stubs

.vfp11_veneer   0x00002aa8        0x0
 .vfp11_veneer  0x00002aa8        0x0 linker stubs

.v4_bx          0x00002aa8        0x0
 .v4_bx         0x00002aa8        0x0 linker stubs

.iplt           0x00002aa8        0x0
 .iplt          0x00002aa8        0x0 /usr/local/gcc-arm-none-eabi-5_4-2016q3/bin/../lib/gcc/arm-none-eabi/5.4.1/armv7e-m/fpu/crtbegin.o

.ARM.extab
 *(.ARM.extab* .gnu.linkonce.armextab.*)
                0x00002aa8                __exidx_start = .

.ARM.exidx      0x00002aa8        0x8
 *(.ARM.exidx* .gnu.linkonce.armexidx.*)
 .ARM.exidx     0x00002aa8        0x8 /usr/local/gcc-arm-none-eabi-5_4-2016q3/bin/../lib/gcc/arm-none-eabi/5.4.1/../../../../arm-none-eabi/lib/armv7e-m/fpu/crt0.o
                0x00002ab0                __exidx_end = .
                0x00002ab0                __etext = .

.rel.dyn        0x00002ab0        0x0
 .rel.iplt      0x00002ab0        0x0 /usr/local/gcc-arm-none-eabi-5_4-2016q3/bin/../lib/gcc/arm-none-eabi/5.4.1/armv7e-m/fpu/crtbegin.o

.data           0x20000000       0xac load address 0x00002ab0
                0x20000000                __data_start__ = .
 *(vtable)
 *(.data*)
 .data.impure_data
                0x20000000       0x60 /usr/local/gcc-arm-none-eabi-5_4-2016q3/bin/../lib/gcc/arm-none-eabi/5.4.1/../../../../arm-none-eabi/lib/armv7e-m/fpu/libc_nano.a(lib_a-impure.o)
 .data.tx_payload
                0x20000060       0x25 _build/nrf52832_xxaa_main.c.o
 *fill*         0x20000085        0x3 
 .data.m_esb_addr
                0x20000088       0x14 _build/nrf52832_xxaa_nrf_esb.c.o
 .data.SystemCoreClock
                0x2000009c        0x4 _build/nrf52832_xxaa_system_nrf52.c.o
                0x2000009c                SystemCoreClock
                0x200000a0                . = ALIGN (0x4)
                0x200000a0                PROVIDE (__preinit_array_start, .)
 *(.preinit_array)
                0x200000a0                PROVIDE (__preinit_array_end, .)
                0x200000a0                . = ALIGN (0x4)
                0x200000a0                PROVIDE (__init_array_start, .)
 *(SORT(.init_array.*))
 *(.init_array)
 .init_array    0x200000a0        0x4 /usr/local/gcc-arm-none-eabi-5_4-2016q3/bin/../lib/gcc/arm-none-eabi/5.4.1/armv7e-m/fpu/crtbegin.o
                0x200000a4                PROVIDE (__init_array_end, .)
                0x200000a4                . = ALIGN (0x4)
                [!provide]                PROVIDE (__fini_array_start, .)
 *(SORT(.fini_array.*))
 *(.fini_array)
 .fini_array    0x200000a4        0x4 /usr/local/gcc-arm-none-eabi-5_4-2016q3/bin/../lib/gcc/arm-none-eabi/5.4.1/armv7e-m/fpu/crtbegin.o
                [!provide]                PROVIDE (__fini_array_end, .)
 *(.jcr*)
 .jcr           0x200000a8        0x0 /usr/local/gcc-arm-none-eabi-5_4-2016q3/bin/../lib/gcc/arm-none-eabi/5.4.1/armv7e-m/fpu/crtbegin.o
 .jcr           0x200000a8        0x4 /usr/local/gcc-arm-none-eabi-5_4-2016q3/bin/../lib/gcc/arm-none-eabi/5.4.1/armv7e-m/fpu/crtend.o
                0x200000ac                . = ALIGN (0x4)
                0x200000ac                __data_end__ = .
LOAD /usr/local/gcc-arm-none-eabi-5_4-2016q3/bin/../lib/gcc/arm-none-eabi/5.4.1/armv7e-m/fpu/crti.o
LOAD /usr/local/gcc-arm-none-eabi-5_4-2016q3/bin/../lib/gcc/arm-none-eabi/5.4.1/armv7e-m/fpu/crtbegin.o
LOAD /usr/local/gcc-arm-none-eabi-5_4-2016q3/bin/../lib/gcc/arm-none-eabi/5.4.1/../../../../arm-none-eabi/lib/armv7e-m/fpu/crt0.o
LOAD /usr/local/gcc-arm-none-eabi-5_4-2016q3/bin/../lib/gcc/arm-none-eabi/5.4.1/../../../../arm-none-eabi/lib/armv7e-m/fpu/libc_nano.a
LOAD /usr/local/gcc-arm-none-eabi-5_4-2016q3/bin/../lib/gcc/arm-none-eabi/5.4.1/../../../../arm-none-eabi/lib/armv7e-m/fpu/libnosys.a
LOAD _build/nrf52832_xxaa_nrf_log_backend_serial.c.o
LOAD _build/nrf52832_xxaa_nrf_log_frontend.c.o
LOAD _build/nrf52832_xxaa_app_error.c.o
LOAD _build/nrf52832_xxaa_app_error_weak.c.o
LOAD _build/nrf52832_xxaa_app_fifo.c.o
LOAD _build/nrf52832_xxaa_app_sdcard.c.o
LOAD _build/nrf52832_xxaa_app_uart_fifo.c.o
LOAD _build/nrf52832_xxaa_app_util_platform.c.o
LOAD _build/nrf52832_xxaa_nrf_assert.c.o
LOAD _build/nrf52832_xxaa_nrf_block_dev_sdc.c.o
LOAD _build/nrf52832_xxaa_sdk_errors.c.o
LOAD _build/nrf52832_xxaa_boards.c.o
LOAD _build/nrf52832_xxaa_nrf_drv_common.c.o
LOAD _build/nrf52832_xxaa_nrf_drv_spi.c.o
LOAD _build/nrf52832_xxaa_nrf_drv_uart.c.o
LOAD _build/nrf52832_xxaa_nrf_drv_timer.c.o
LOAD _build/nrf52832_xxaa_nrf_drv_ppi.c.o
LOAD _build/nrf52832_xxaa_nrf_drv_twi.c.o
LOAD _build/nrf52832_xxaa_nrf_saadc.c.o
LOAD _build/nrf52832_xxaa_main.c.o
LOAD _build/nrf52832_xxaa_RTT_Syscalls_GCC.c.o
LOAD _build/nrf52832_xxaa_SEGGER_RTT.c.o
LOAD _build/nrf52832_xxaa_SEGGER_RTT_printf.c.o
LOAD _build/nrf52832_xxaa_diskio_blkdev.c.o
LOAD _build/nrf52832_xxaa_ff.c.o
LOAD _build/nrf52832_xxaa_nrf_esb.c.o
LOAD _build/nrf52832_xxaa_gcc_startup_nrf52.S.o
LOAD _build/nrf52832_xxaa_system_nrf52.c.o
LOAD /usr/local/gcc-arm-none-eabi-5_4-2016q3/bin/../lib/gcc/arm-none-eabi/5.4.1/../../../../arm-none-eabi/lib/armv7e-m/fpu/libm.a
START GROUP
LOAD /usr/local/gcc-arm-none-eabi-5_4-2016q3/bin/../lib/gcc/arm-none-eabi/5.4.1/armv7e-m/fpu/libgcc.a
LOAD /usr/local/gcc-arm-none-eabi-5_4-2016q3/bin/../lib/gcc/arm-none-eabi/5.4.1/../../../../arm-none-eabi/lib/armv7e-m/fpu/libc_nano.a
END GROUP
START GROUP
LOAD /usr/local/gcc-arm-none-eabi-5_4-2016q3/bin/../lib/gcc/arm-none-eabi/5.4.1/armv7e-m/fpu/libgcc.a
LOAD /usr/local/gcc-arm-none-eabi-5_4-2016q3/bin/../lib/gcc/arm-none-eabi/5.4.1/../../../../arm-none-eabi/lib/armv7e-m/fpu/libc_nano.a
END GROUP
LOAD /usr/local/gcc-arm-none-eabi-5_4-2016q3/bin/../lib/gcc/arm-none-eabi/5.4.1/armv7e-m/fpu/crtend.o
LOAD /usr/local/gcc-arm-none-eabi-5_4-2016q3/bin/../lib/gcc/arm-none-eabi/5.4.1/armv7e-m/fpu/crtn.o
START GROUP
LOAD /usr/local/gcc-arm-none-eabi-5_4-2016q3/bin/../lib/gcc/arm-none-eabi/5.4.1/armv7e-m/fpu/libgcc.a
LOAD /usr/local/gcc-arm-none-eabi-5_4-2016q3/bin/../lib/gcc/arm-none-eabi/5.4.1/../../../../arm-none-eabi/lib/armv7e-m/fpu/libc.a
LOAD /usr/local/gcc-arm-none-eabi-5_4-2016q3/bin/../lib/gcc/arm-none-eabi/5.4.1/../../../../arm-none-eabi/lib/armv7e-m/fpu/libnosys.a
END GROUP

.igot.plt       0x200000ac        0x0 load address 0x00002b5c
 .igot.plt      0x200000ac        0x0 /usr/local/gcc-arm-none-eabi-5_4-2016q3/bin/../lib/gcc/arm-none-eabi/5.4.1/armv7e-m/fpu/crtbegin.o

.fs_data        0x200000ac        0x0
                [!provide]                PROVIDE (__start_fs_data, .)
 *(.fs_data)
                [!provide]                PROVIDE (__stop_fs_data, .)

.pwr_mgmt_data  0x200000ac        0x0
                [!provide]                PROVIDE (__start_pwr_mgmt_data, .)
 *(.pwr_mgmt_data)
                [!provide]                PROVIDE (__stop_pwr_mgmt_data, .)

.bss            0x200000ac      0x468 load address 0x00002b5c
                0x200000ac                . = ALIGN (0x4)
                0x200000ac                __bss_start__ = .
 *(.bss*)
 .bss           0x200000ac       0x1c /usr/local/gcc-arm-none-eabi-5_4-2016q3/bin/../lib/gcc/arm-none-eabi/5.4.1/armv7e-m/fpu/crtbegin.o
 .bss.m_log_data
                0x200000c8       0x1c _build/nrf52832_xxaa_nrf_log_frontend.c.o
 .bss.m_cb      0x200000e4       0x20 _build/nrf52832_xxaa_nrf_drv_spi.c.o
 .bss.m_cb      0x20000104       0x20 _build/nrf52832_xxaa_nrf_drv_uart.c.o
 .bss.m_cb      0x20000124        0xc _build/nrf52832_xxaa_nrf_drv_timer.c.o
 .bss.m_cb      0x20000130       0x28 _build/nrf52832_xxaa_nrf_drv_twi.c.o
 .bss.rx_payload
                0x20000158       0x25 _build/nrf52832_xxaa_main.c.o
 .bss.m_tx_done
                0x2000017d        0x1 _build/nrf52832_xxaa_main.c.o
 *fill*         0x2000017e        0x2 
 .bss.m_buffer_pool
                0x20000180       0x1c _build/nrf52832_xxaa_main.c.o
 .bss.m_rx_done
                0x2000019c        0x1 _build/nrf52832_xxaa_main.c.o
 .bss.lStartCodon
                0x2000019d        0x1 _build/nrf52832_xxaa_main.c.o
 *fill*         0x2000019e        0x2 
 .bss.m_fromI2Cdevice
                0x200001a0       0x14 _build/nrf52832_xxaa_main.c.o
 .bss.m_esb_initialized
                0x200001b4        0x1 _build/nrf52832_xxaa_nrf_esb.c.o
 *fill*         0x200001b5        0x3 
 .bss.m_rx_payload_buffer
                0x200001b8       0x22 _build/nrf52832_xxaa_nrf_esb.c.o
 *fill*         0x200001da        0x2 
 .bss.m_tx_payload_buffer
                0x200001dc       0x22 _build/nrf52832_xxaa_nrf_esb.c.o
 *fill*         0x200001fe        0x2 
 .bss.m_retransmits_remaining
                0x20000200        0x4 _build/nrf52832_xxaa_nrf_esb.c.o
 .bss.m_nrf_esb_mainstate
                0x20000204        0x1 _build/nrf52832_xxaa_nrf_esb.c.o
 *fill*         0x20000205        0x3 
 .bss.m_event_handler
                0x20000208        0x4 _build/nrf52832_xxaa_nrf_esb.c.o
 .bss.update_rf_payload_format
                0x2000020c        0x4 _build/nrf52832_xxaa_nrf_esb.c.o
 .bss.m_rx_pipe_info
                0x20000210       0x24 _build/nrf52832_xxaa_nrf_esb.c.o
 .bss.m_pids    0x20000234        0x9 _build/nrf52832_xxaa_nrf_esb.c.o
 *fill*         0x2000023d        0x3 
 .bss.m_tx_fifo
                0x20000240       0x2c _build/nrf52832_xxaa_nrf_esb.c.o
 .bss.m_interrupt_flags
                0x2000026c        0x4 _build/nrf52832_xxaa_nrf_esb.c.o
 .bss.m_wait_for_ack_timeout_us
                0x20000270        0x4 _build/nrf52832_xxaa_nrf_esb.c.o
 .bss.m_config_local
                0x20000274       0x18 _build/nrf52832_xxaa_nrf_esb.c.o
 .bss.m_rx_fifo_payload
                0x2000028c      0x128 _build/nrf52832_xxaa_nrf_esb.c.o
 .bss.m_last_tx_attempts
                0x200003b4        0x4 _build/nrf52832_xxaa_nrf_esb.c.o
 .bss.m_tx_fifo_payload
                0x200003b8      0x128 _build/nrf52832_xxaa_nrf_esb.c.o
 .bss.mp_current_payload
                0x200004e0        0x4 _build/nrf52832_xxaa_nrf_esb.c.o
 .bss.m_rx_fifo
                0x200004e4       0x2c _build/nrf52832_xxaa_nrf_esb.c.o
 .bss.on_radio_disabled
                0x20000510        0x4 _build/nrf52832_xxaa_nrf_esb.c.o
 *(COMMON)
                0x20000514                . = ALIGN (0x4)
                0x20000514                __bss_end__ = .

.heap           0x20000518     0x2000
                0x20000518                __HeapBase = .
                0x20000518                __end__ = .
                0x20000518                PROVIDE (end, .)
 *(.heap*)
 .heap          0x20000518     0x2000 _build/nrf52832_xxaa_gcc_startup_nrf52.S.o
                0x20002518                __HeapLimit = .

.stack_dummy    0x20000518     0x2000
 *(.stack*)
 .stack         0x20000518     0x2000 _build/nrf52832_xxaa_gcc_startup_nrf52.S.o
                0x20010000                __StackTop = (ORIGIN (RAM) + LENGTH (RAM))
                0x2000e000                __StackLimit = (__StackTop - SIZEOF (.stack_dummy))
                0x20010000                PROVIDE (__stack, __StackTop)
                0x00000001                ASSERT ((__StackLimit >= __HeapLimit), region RAM overflowed with stack)
OUTPUT(_build/nrf52832_xxaa.out elf32-littlearm)

.ARM.attributes
                0x00000000       0x30
 .ARM.attributes
                0x00000000       0x22 /usr/local/gcc-arm-none-eabi-5_4-2016q3/bin/../lib/gcc/arm-none-eabi/5.4.1/armv7e-m/fpu/crti.o
 .ARM.attributes
                0x00000022       0x34 /usr/local/gcc-arm-none-eabi-5_4-2016q3/bin/../lib/gcc/arm-none-eabi/5.4.1/armv7e-m/fpu/crtbegin.o
 .ARM.attributes
                0x00000056       0x20 /usr/local/gcc-arm-none-eabi-5_4-2016q3/bin/../lib/gcc/arm-none-eabi/5.4.1/../../../../arm-none-eabi/lib/armv7e-m/fpu/crt0.o
 .ARM.attributes
                0x00000076       0x34 /usr/local/gcc-arm-none-eabi-5_4-2016q3/bin/../lib/gcc/arm-none-eabi/5.4.1/../../../../arm-none-eabi/lib/armv7e-m/fpu/libc_nano.a(lib_a-exit.o)
 .ARM.attributes
                0x000000aa       0x34 /usr/local/gcc-arm-none-eabi-5_4-2016q3/bin/../lib/gcc/arm-none-eabi/5.4.1/../../../../arm-none-eabi/lib/armv7e-m/fpu/libc_nano.a(lib_a-impure.o)
 .ARM.attributes
                0x000000de       0x34 /usr/local/gcc-arm-none-eabi-5_4-2016q3/bin/../lib/gcc/arm-none-eabi/5.4.1/../../../../arm-none-eabi/lib/armv7e-m/fpu/libc_nano.a(lib_a-init.o)
 .ARM.attributes
                0x00000112       0x34 /usr/local/gcc-arm-none-eabi-5_4-2016q3/bin/../lib/gcc/arm-none-eabi/5.4.1/../../../../arm-none-eabi/lib/armv7e-m/fpu/libc_nano.a(lib_a-memset.o)
 .ARM.attributes
                0x00000146       0x34 /usr/local/gcc-arm-none-eabi-5_4-2016q3/bin/../lib/gcc/arm-none-eabi/5.4.1/../../../../arm-none-eabi/lib/armv7e-m/fpu/libnosys.a(_exit.o)
 .ARM.attributes
                0x0000017a       0x39 _build/nrf52832_xxaa_nrf_log_frontend.c.o
 .ARM.attributes
                0x000001b3       0x39 _build/nrf52832_xxaa_app_error.c.o
 .ARM.attributes
                0x000001ec       0x39 _build/nrf52832_xxaa_app_error_weak.c.o
 .ARM.attributes
                0x00000225       0x39 _build/nrf52832_xxaa_nrf_drv_common.c.o
 .ARM.attributes
                0x0000025e       0x39 _build/nrf52832_xxaa_nrf_drv_spi.c.o
 .ARM.attributes
                0x00000297       0x39 _build/nrf52832_xxaa_nrf_drv_uart.c.o
 .ARM.attributes
                0x000002d0       0x39 _build/nrf52832_xxaa_nrf_drv_timer.c.o
 .ARM.attributes
                0x00000309       0x39 _build/nrf52832_xxaa_nrf_drv_twi.c.o
 .ARM.attributes
                0x00000342       0x39 _build/nrf52832_xxaa_main.c.o
 .ARM.attributes
                0x0000037b       0x39 _build/nrf52832_xxaa_nrf_esb.c.o
 .ARM.attributes
                0x000003b4       0x1c _build/nrf52832_xxaa_gcc_startup_nrf52.S.o
 .ARM.attributes
                0x000003d0       0x39 _build/nrf52832_xxaa_system_nrf52.c.o
 .ARM.attributes
                0x00000409       0x34 /usr/local/gcc-arm-none-eabi-5_4-2016q3/bin/../lib/gcc/arm-none-eabi/5.4.1/../../../../arm-none-eabi/lib/armv7e-m/fpu/libc_nano.a(lib_a-memcpy-stub.o)
 .ARM.attributes
                0x0000043d       0x34 /usr/local/gcc-arm-none-eabi-5_4-2016q3/bin/../lib/gcc/arm-none-eabi/5.4.1/armv7e-m/fpu/crtend.o
 .ARM.attributes
                0x00000471       0x22 /usr/local/gcc-arm-none-eabi-5_4-2016q3/bin/../lib/gcc/arm-none-eabi/5.4.1/armv7e-m/fpu/crtn.o

.comment        0x00000000       0x6e
 .comment       0x00000000       0x6e _build/nrf52832_xxaa_nrf_log_frontend.c.o
                                 0x6f (size before relaxing)
 .comment       0x0000006e       0x6f _build/nrf52832_xxaa_app_error.c.o
 .comment       0x0000006e       0x6f _build/nrf52832_xxaa_app_error_weak.c.o
 .comment       0x0000006e       0x6f _build/nrf52832_xxaa_nrf_drv_common.c.o
 .comment       0x0000006e       0x6f _build/nrf52832_xxaa_nrf_drv_spi.c.o
 .comment       0x0000006e       0x6f _build/nrf52832_xxaa_nrf_drv_uart.c.o
 .comment       0x0000006e       0x6f _build/nrf52832_xxaa_nrf_drv_timer.c.o
 .comment       0x0000006e       0x6f _build/nrf52832_xxaa_nrf_drv_twi.c.o
 .comment       0x0000006e       0x6f _build/nrf52832_xxaa_main.c.o
 .comment       0x0000006e       0x6f _build/nrf52832_xxaa_nrf_esb.c.o
 .comment       0x0000006e       0x6f _build/nrf52832_xxaa_system_nrf52.c.o

.debug_frame    0x00000000      0xfd0
 .debug_frame   0x00000000       0x28 /usr/local/gcc-arm-none-eabi-5_4-2016q3/bin/../lib/gcc/arm-none-eabi/5.4.1/../../../../arm-none-eabi/lib/armv7e-m/fpu/libc_nano.a(lib_a-exit.o)
 .debug_frame   0x00000028       0x2c /usr/local/gcc-arm-none-eabi-5_4-2016q3/bin/../lib/gcc/arm-none-eabi/5.4.1/../../../../arm-none-eabi/lib/armv7e-m/fpu/libc_nano.a(lib_a-init.o)
 .debug_frame   0x00000054       0x20 /usr/local/gcc-arm-none-eabi-5_4-2016q3/bin/../lib/gcc/arm-none-eabi/5.4.1/../../../../arm-none-eabi/lib/armv7e-m/fpu/libc_nano.a(lib_a-memset.o)
 .debug_frame   0x00000074       0x20 /usr/local/gcc-arm-none-eabi-5_4-2016q3/bin/../lib/gcc/arm-none-eabi/5.4.1/../../../../arm-none-eabi/lib/armv7e-m/fpu/libnosys.a(_exit.o)
 .debug_frame   0x00000094      0x1d8 _build/nrf52832_xxaa_nrf_log_frontend.c.o
 .debug_frame   0x0000026c       0x60 _build/nrf52832_xxaa_app_error.c.o
 .debug_frame   0x000002cc       0x28 _build/nrf52832_xxaa_app_error_weak.c.o
 .debug_frame   0x000002f4       0x30 _build/nrf52832_xxaa_nrf_drv_common.c.o
 .debug_frame   0x00000324      0x11c _build/nrf52832_xxaa_nrf_drv_spi.c.o
 .debug_frame   0x00000440      0x148 _build/nrf52832_xxaa_nrf_drv_uart.c.o
 .debug_frame   0x00000588      0x170 _build/nrf52832_xxaa_nrf_drv_timer.c.o
 .debug_frame   0x000006f8      0x178 _build/nrf52832_xxaa_nrf_drv_twi.c.o
 .debug_frame   0x00000870      0x260 _build/nrf52832_xxaa_main.c.o
 .debug_frame   0x00000ad0      0x420 _build/nrf52832_xxaa_nrf_esb.c.o
 .debug_frame   0x00000ef0       0xb8 _build/nrf52832_xxaa_system_nrf52.c.o
 .debug_frame   0x00000fa8       0x28 /usr/local/gcc-arm-none-eabi-5_4-2016q3/bin/../lib/gcc/arm-none-eabi/5.4.1/../../../../arm-none-eabi/lib/armv7e-m/fpu/libc_nano.a(lib_a-memcpy-stub.o)

.debug_info     0x00000000    0x114c2
 .debug_info    0x00000000      0xf77 _build/nrf52832_xxaa_nrf_log_frontend.c.o
 .debug_info    0x00000f77      0x34d _build/nrf52832_xxaa_app_error.c.o
 .debug_info    0x000012c4      0x35a _build/nrf52832_xxaa_app_error_weak.c.o
 .debug_info    0x0000161e      0x678 _build/nrf52832_xxaa_nrf_drv_common.c.o
 .debug_info    0x00001c96     0x1f2f _build/nrf52832_xxaa_nrf_drv_spi.c.o
 .debug_info    0x00003bc5     0x452c _build/nrf52832_xxaa_nrf_drv_uart.c.o
 .debug_info    0x000080f1     0x14c5 _build/nrf52832_xxaa_nrf_drv_timer.c.o
 .debug_info    0x000095b6     0x2a9e _build/nrf52832_xxaa_nrf_drv_twi.c.o
 .debug_info    0x0000c054     0x2469 _build/nrf52832_xxaa_main.c.o
 .debug_info    0x0000e4bd     0x21ef _build/nrf52832_xxaa_nrf_esb.c.o
 .debug_info    0x000106ac      0xe16 _build/nrf52832_xxaa_system_nrf52.c.o

.debug_abbrev   0x00000000     0x1f66
 .debug_abbrev  0x00000000      0x2ba _build/nrf52832_xxaa_nrf_log_frontend.c.o
 .debug_abbrev  0x000002ba      0x12b _build/nrf52832_xxaa_app_error.c.o
 .debug_abbrev  0x000003e5      0x155 _build/nrf52832_xxaa_app_error_weak.c.o
 .debug_abbrev  0x0000053a      0x1a9 _build/nrf52832_xxaa_nrf_drv_common.c.o
 .debug_abbrev  0x000006e3      0x3a5 _build/nrf52832_xxaa_nrf_drv_spi.c.o
 .debug_abbrev  0x00000a88      0x3b5 _build/nrf52832_xxaa_nrf_drv_uart.c.o
 .debug_abbrev  0x00000e3d      0x2fd _build/nrf52832_xxaa_nrf_drv_timer.c.o
 .debug_abbrev  0x0000113a      0x420 _build/nrf52832_xxaa_nrf_drv_twi.c.o
 .debug_abbrev  0x0000155a      0x3eb _build/nrf52832_xxaa_main.c.o
 .debug_abbrev  0x00001945      0x437 _build/nrf52832_xxaa_nrf_esb.c.o
 .debug_abbrev  0x00001d7c      0x1ea _build/nrf52832_xxaa_system_nrf52.c.o

.debug_loc      0x00000000     0x6d60
 .debug_loc     0x00000000      0xda4 _build/nrf52832_xxaa_nrf_log_frontend.c.o
 .debug_loc     0x00000da4      0x100 _build/nrf52832_xxaa_app_error.c.o
 .debug_loc     0x00000ea4       0x63 _build/nrf52832_xxaa_app_error_weak.c.o
 .debug_loc     0x00000f07       0xdf _build/nrf52832_xxaa_nrf_drv_common.c.o
 .debug_loc     0x00000fe6      0xb65 _build/nrf52832_xxaa_nrf_drv_spi.c.o
 .debug_loc     0x00001b4b     0x25f6 _build/nrf52832_xxaa_nrf_drv_uart.c.o
 .debug_loc     0x00004141      0x7ef _build/nrf52832_xxaa_nrf_drv_timer.c.o
 .debug_loc     0x00004930     0x14b5 _build/nrf52832_xxaa_nrf_drv_twi.c.o
 .debug_loc     0x00005de5      0x553 _build/nrf52832_xxaa_main.c.o
 .debug_loc     0x00006338      0xa28 _build/nrf52832_xxaa_nrf_esb.c.o

.debug_aranges  0x00000000      0x5c0
 .debug_aranges
                0x00000000       0x98 _build/nrf52832_xxaa_nrf_log_frontend.c.o
 .debug_aranges
                0x00000098       0x30 _build/nrf52832_xxaa_app_error.c.o
 .debug_aranges
                0x000000c8       0x20 _build/nrf52832_xxaa_app_error_weak.c.o
 .debug_aranges
                0x000000e8       0x28 _build/nrf52832_xxaa_nrf_drv_common.c.o
 .debug_aranges
                0x00000110       0x68 _build/nrf52832_xxaa_nrf_drv_spi.c.o
 .debug_aranges
                0x00000178       0x70 _build/nrf52832_xxaa_nrf_drv_uart.c.o
 .debug_aranges
                0x000001e8       0x90 _build/nrf52832_xxaa_nrf_drv_timer.c.o
 .debug_aranges
                0x00000278       0x88 _build/nrf52832_xxaa_nrf_drv_twi.c.o
 .debug_aranges
                0x00000300       0xc8 _build/nrf52832_xxaa_main.c.o
 .debug_aranges
                0x000003c8      0x190 _build/nrf52832_xxaa_nrf_esb.c.o
 .debug_aranges
                0x00000558       0x68 _build/nrf52832_xxaa_system_nrf52.c.o

.debug_ranges   0x00000000      0x578
 .debug_ranges  0x00000000       0x88 _build/nrf52832_xxaa_nrf_log_frontend.c.o
 .debug_ranges  0x00000088       0x20 _build/nrf52832_xxaa_app_error.c.o
 .debug_ranges  0x000000a8       0x10 _build/nrf52832_xxaa_app_error_weak.c.o
 .debug_ranges  0x000000b8       0x18 _build/nrf52832_xxaa_nrf_drv_common.c.o
 .debug_ranges  0x000000d0       0x70 _build/nrf52832_xxaa_nrf_drv_spi.c.o
 .debug_ranges  0x00000140       0xb0 _build/nrf52832_xxaa_nrf_drv_uart.c.o
 .debug_ranges  0x000001f0       0x80 _build/nrf52832_xxaa_nrf_drv_timer.c.o
 .debug_ranges  0x00000270       0x78 _build/nrf52832_xxaa_nrf_drv_twi.c.o
 .debug_ranges  0x000002e8       0xb8 _build/nrf52832_xxaa_main.c.o
 .debug_ranges  0x000003a0      0x180 _build/nrf52832_xxaa_nrf_esb.c.o
 .debug_ranges  0x00000520       0x58 _build/nrf52832_xxaa_system_nrf52.c.o

.debug_macro    0x00000000     0x35e0
 .debug_macro   0x00000000      0x2fe _build/nrf52832_xxaa_nrf_log_frontend.c.o
 .debug_macro   0x000002fe       0x22 _build/nrf52832_xxaa_nrf_log_frontend.c.o
 .debug_macro   0x00000320      0x166 _build/nrf52832_xxaa_nrf_log_frontend.c.o
 .debug_macro   0x00000486       0x59 _build/nrf52832_xxaa_nrf_log_frontend.c.o
 .debug_macro   0x000004df       0x28 _build/nrf52832_xxaa_nrf_log_frontend.c.o
 .debug_macro   0x00000507      0x2b9 _build/nrf52832_xxaa_app_error.c.o
 .debug_macro   0x000007c0       0x35 _build/nrf52832_xxaa_app_error.c.o
 .debug_macro   0x000007f5       0x22 _build/nrf52832_xxaa_app_error.c.o
 .debug_macro   0x00000817       0x16 _build/nrf52832_xxaa_app_error.c.o
 .debug_macro   0x0000082d       0x97 _build/nrf52832_xxaa_app_error.c.o
 .debug_macro   0x000008c4       0xf6 _build/nrf52832_xxaa_app_error.c.o
 .debug_macro   0x000009ba       0x16 _build/nrf52832_xxaa_app_error.c.o
 .debug_macro   0x000009d0      0x39a _build/nrf52832_xxaa_app_error.c.o
 .debug_macro   0x00000d6a      0x160 _build/nrf52832_xxaa_app_error.c.o
 .debug_macro   0x00000eca       0x16 _build/nrf52832_xxaa_app_error.c.o
 .debug_macro   0x00000ee0      0x2b9 _build/nrf52832_xxaa_app_error_weak.c.o
 .debug_macro   0x00001199       0x1c _build/nrf52832_xxaa_app_error_weak.c.o
 .debug_macro   0x000011b5      0x2a4 _build/nrf52832_xxaa_nrf_drv_common.c.o
 .debug_macro   0x00001459       0x22 _build/nrf52832_xxaa_nrf_drv_common.c.o
 .debug_macro   0x0000147b      0x38b _build/nrf52832_xxaa_nrf_drv_spi.c.o
 .debug_macro   0x00001806       0x16 _build/nrf52832_xxaa_nrf_drv_spi.c.o
 .debug_macro   0x0000181c      0x373 _build/nrf52832_xxaa_nrf_drv_uart.c.o
 .debug_macro   0x00001b8f       0x28 _build/nrf52832_xxaa_nrf_drv_uart.c.o
 .debug_macro   0x00001bb7      0x31d _build/nrf52832_xxaa_nrf_drv_timer.c.o
 .debug_macro   0x00001ed4       0x1c _build/nrf52832_xxaa_nrf_drv_timer.c.o
 .debug_macro   0x00001ef0       0x34 _build/nrf52832_xxaa_nrf_drv_timer.c.o
 .debug_macro   0x00001f24      0x3ca _build/nrf52832_xxaa_nrf_drv_twi.c.o
 .debug_macro   0x000022ee       0x62 _build/nrf52832_xxaa_nrf_drv_twi.c.o
 .debug_macro   0x00002350       0x10 _build/nrf52832_xxaa_nrf_drv_twi.c.o
 .debug_macro   0x00002360      0x494 _build/nrf52832_xxaa_main.c.o
 .debug_macro   0x000027f4       0x4c _build/nrf52832_xxaa_main.c.o
 .debug_macro   0x00002840       0x55 _build/nrf52832_xxaa_main.c.o
 .debug_macro   0x00002895      0x10e _build/nrf52832_xxaa_main.c.o
 .debug_macro   0x000029a3       0x86 _build/nrf52832_xxaa_main.c.o
 .debug_macro   0x00002a29       0x4a _build/nrf52832_xxaa_main.c.o
 .debug_macro   0x00002a73       0xa7 _build/nrf52832_xxaa_main.c.o
 .debug_macro   0x00002b1a       0x16 _build/nrf52832_xxaa_main.c.o
 .debug_macro   0x00002b30       0x10 _build/nrf52832_xxaa_main.c.o
 .debug_macro   0x00002b40       0x10 _build/nrf52832_xxaa_main.c.o
 .debug_macro   0x00002b50       0x2e _build/nrf52832_xxaa_main.c.o
 .debug_macro   0x00002b7e      0x22e _build/nrf52832_xxaa_main.c.o
 .debug_macro   0x00002dac       0x22 _build/nrf52832_xxaa_main.c.o
 .debug_macro   0x00002dce       0x1c _build/nrf52832_xxaa_main.c.o
 .debug_macro   0x00002dea       0xdc _build/nrf52832_xxaa_main.c.o
 .debug_macro   0x00002ec6       0x22 _build/nrf52832_xxaa_main.c.o
 .debug_macro   0x00002ee8       0xe9 _build/nrf52832_xxaa_main.c.o
 .debug_macro   0x00002fd1       0xe0 _build/nrf52832_xxaa_main.c.o
 .debug_macro   0x000030b1       0x94 _build/nrf52832_xxaa_main.c.o
 .debug_macro   0x00003145       0x16 _build/nrf52832_xxaa_main.c.o
 .debug_macro   0x0000315b       0x10 _build/nrf52832_xxaa_main.c.o
 .debug_macro   0x0000316b      0x36a _build/nrf52832_xxaa_nrf_esb.c.o
 .debug_macro   0x000034d5       0x16 _build/nrf52832_xxaa_nrf_esb.c.o
 .debug_macro   0x000034eb       0xf5 _build/nrf52832_xxaa_system_nrf52.c.o

.debug_line     0x00000000     0x662a
 .debug_line    0x00000000      0x793 _build/nrf52832_xxaa_nrf_log_frontend.c.o
 .debug_line    0x00000793      0x600 _build/nrf52832_xxaa_app_error.c.o
 .debug_line    0x00000d93      0x5cf _build/nrf52832_xxaa_app_error_weak.c.o
 .debug_line    0x00001362      0x5d3 _build/nrf52832_xxaa_nrf_drv_common.c.o
 .debug_line    0x00001935      0x964 _build/nrf52832_xxaa_nrf_drv_spi.c.o
 .debug_line    0x00002299      0xf8d _build/nrf52832_xxaa_nrf_drv_uart.c.o
 .debug_line    0x00003226      0x932 _build/nrf52832_xxaa_nrf_drv_timer.c.o
 .debug_line    0x00003b58      0xc02 _build/nrf52832_xxaa_nrf_drv_twi.c.o
 .debug_line    0x0000475a      0xd39 _build/nrf52832_xxaa_main.c.o
 .debug_line    0x00005493      0xd0b _build/nrf52832_xxaa_nrf_esb.c.o
 .debug_line    0x0000619e      0x48c _build/nrf52832_xxaa_system_nrf52.c.o

.debug_str      0x00000000    0x6f77c
 .debug_str     0x00000000    0x64c57 _build/nrf52832_xxaa_nrf_log_frontend.c.o
                              0x657d5 (size before relaxing)
 .debug_str     0x00064c57      0x11d _build/nrf52832_xxaa_app_error.c.o
                              0x651b4 (size before relaxing)
 .debug_str     0x00064d74       0xd8 _build/nrf52832_xxaa_app_error_weak.c.o
                              0x65154 (size before relaxing)
 .debug_str     0x00064e4c      0xa35 _build/nrf52832_xxaa_nrf_drv_common.c.o
                              0x643ba (size before relaxing)
 .debug_str     0x00065881     0x1780 _build/nrf52832_xxaa_nrf_drv_spi.c.o
                              0x6710b (size before relaxing)
 .debug_str     0x00067001     0x1737 _build/nrf52832_xxaa_nrf_drv_uart.c.o
                              0x678aa (size before relaxing)
 .debug_str     0x00068738     0x1274 _build/nrf52832_xxaa_nrf_drv_timer.c.o
                              0x66f0c (size before relaxing)
 .debug_str     0x000699ac     0x1664 _build/nrf52832_xxaa_nrf_drv_twi.c.o
                              0x676a2 (size before relaxing)
 .debug_str     0x0006b010     0x387f _build/nrf52832_xxaa_main.c.o
                              0x68fe8 (size before relaxing)
 .debug_str     0x0006e88f      0xc80 _build/nrf52832_xxaa_nrf_esb.c.o
                              0x6702c (size before relaxing)
 .debug_str     0x0006f50f      0x26d _build/nrf52832_xxaa_system_nrf52.c.o
                              0x5ba72 (size before relaxing)
