Archive member included to satisfy reference by file (symbol)

/usr/local/gcc-arm-none-eabi-5_4-2016q3/bin/../lib/gcc/arm-none-eabi/5.4.1/../../../../arm-none-eabi/lib/armv7e-m/fpu/libc_nano.a(lib_a-exit.o)
                              /usr/local/gcc-arm-none-eabi-5_4-2016q3/bin/../lib/gcc/arm-none-eabi/5.4.1/../../../../arm-none-eabi/lib/armv7e-m/fpu/crt0.o (exit)
/usr/local/gcc-arm-none-eabi-5_4-2016q3/bin/../lib/gcc/arm-none-eabi/5.4.1/../../../../arm-none-eabi/lib/armv7e-m/fpu/libc_nano.a(lib_a-impure.o)
                              /usr/local/gcc-arm-none-eabi-5_4-2016q3/bin/../lib/gcc/arm-none-eabi/5.4.1/../../../../arm-none-eabi/lib/armv7e-m/fpu/libc_nano.a(lib_a-exit.o) (_global_impure_ptr)
/usr/local/gcc-arm-none-eabi-5_4-2016q3/bin/../lib/gcc/arm-none-eabi/5.4.1/../../../../arm-none-eabi/lib/armv7e-m/fpu/libc_nano.a(lib_a-init.o)
                              /usr/local/gcc-arm-none-eabi-5_4-2016q3/bin/../lib/gcc/arm-none-eabi/5.4.1/../../../../arm-none-eabi/lib/armv7e-m/fpu/crt0.o (__libc_init_array)
/usr/local/gcc-arm-none-eabi-5_4-2016q3/bin/../lib/gcc/arm-none-eabi/5.4.1/../../../../arm-none-eabi/lib/armv7e-m/fpu/libc_nano.a(lib_a-memset.o)
                              /usr/local/gcc-arm-none-eabi-5_4-2016q3/bin/../lib/gcc/arm-none-eabi/5.4.1/../../../../arm-none-eabi/lib/armv7e-m/fpu/crt0.o (memset)
/usr/local/gcc-arm-none-eabi-5_4-2016q3/bin/../lib/gcc/arm-none-eabi/5.4.1/../../../../arm-none-eabi/lib/armv7e-m/fpu/libnosys.a(_exit.o)
                              /usr/local/gcc-arm-none-eabi-5_4-2016q3/bin/../lib/gcc/arm-none-eabi/5.4.1/../../../../arm-none-eabi/lib/armv7e-m/fpu/libc_nano.a(lib_a-exit.o) (_exit)
/usr/local/gcc-arm-none-eabi-5_4-2016q3/bin/../lib/gcc/arm-none-eabi/5.4.1/../../../../arm-none-eabi/lib/armv7e-m/fpu/libc_nano.a(lib_a-locale.o)
                              _build/nrf52832_xxaa_nrf_log_backend_serial.c.o (__locale_ctype_ptr)
/usr/local/gcc-arm-none-eabi-5_4-2016q3/bin/../lib/gcc/arm-none-eabi/5.4.1/../../../../arm-none-eabi/lib/armv7e-m/fpu/libc_nano.a(lib_a-malloc.o)
                              _build/nrf52832_xxaa_main.c.o (free)
/usr/local/gcc-arm-none-eabi-5_4-2016q3/bin/../lib/gcc/arm-none-eabi/5.4.1/../../../../arm-none-eabi/lib/armv7e-m/fpu/libc_nano.a(lib_a-mbtowc_r.o)
                              /usr/local/gcc-arm-none-eabi-5_4-2016q3/bin/../lib/gcc/arm-none-eabi/5.4.1/../../../../arm-none-eabi/lib/armv7e-m/fpu/libc_nano.a(lib_a-locale.o) (__ascii_mbtowc)
/usr/local/gcc-arm-none-eabi-5_4-2016q3/bin/../lib/gcc/arm-none-eabi/5.4.1/../../../../arm-none-eabi/lib/armv7e-m/fpu/libc_nano.a(lib_a-memcpy-stub.o)
                              _build/nrf52832_xxaa_nrf_log_backend_serial.c.o (memcpy)
/usr/local/gcc-arm-none-eabi-5_4-2016q3/bin/../lib/gcc/arm-none-eabi/5.4.1/../../../../arm-none-eabi/lib/armv7e-m/fpu/libc_nano.a(lib_a-nano-freer.o)
                              /usr/local/gcc-arm-none-eabi-5_4-2016q3/bin/../lib/gcc/arm-none-eabi/5.4.1/../../../../arm-none-eabi/lib/armv7e-m/fpu/libc_nano.a(lib_a-malloc.o) (_free_r)
/usr/local/gcc-arm-none-eabi-5_4-2016q3/bin/../lib/gcc/arm-none-eabi/5.4.1/../../../../arm-none-eabi/lib/armv7e-m/fpu/libc_nano.a(lib_a-nano-mallocr.o)
                              /usr/local/gcc-arm-none-eabi-5_4-2016q3/bin/../lib/gcc/arm-none-eabi/5.4.1/../../../../arm-none-eabi/lib/armv7e-m/fpu/libc_nano.a(lib_a-malloc.o) (_malloc_r)
/usr/local/gcc-arm-none-eabi-5_4-2016q3/bin/../lib/gcc/arm-none-eabi/5.4.1/../../../../arm-none-eabi/lib/armv7e-m/fpu/libc_nano.a(lib_a-sbrkr.o)
                              /usr/local/gcc-arm-none-eabi-5_4-2016q3/bin/../lib/gcc/arm-none-eabi/5.4.1/../../../../arm-none-eabi/lib/armv7e-m/fpu/libc_nano.a(lib_a-nano-mallocr.o) (_sbrk_r)
/usr/local/gcc-arm-none-eabi-5_4-2016q3/bin/../lib/gcc/arm-none-eabi/5.4.1/../../../../arm-none-eabi/lib/armv7e-m/fpu/libc_nano.a(lib_a-snprintf.o)
                              _build/nrf52832_xxaa_nrf_log_backend_serial.c.o (snprintf)
/usr/local/gcc-arm-none-eabi-5_4-2016q3/bin/../lib/gcc/arm-none-eabi/5.4.1/../../../../arm-none-eabi/lib/armv7e-m/fpu/libc_nano.a(lib_a-sprintf.o)
                              _build/nrf52832_xxaa_main.c.o (sprintf)
/usr/local/gcc-arm-none-eabi-5_4-2016q3/bin/../lib/gcc/arm-none-eabi/5.4.1/../../../../arm-none-eabi/lib/armv7e-m/fpu/libc_nano.a(lib_a-strcmp.o)
                              /usr/local/gcc-arm-none-eabi-5_4-2016q3/bin/../lib/gcc/arm-none-eabi/5.4.1/../../../../arm-none-eabi/lib/armv7e-m/fpu/libc_nano.a(lib_a-locale.o) (strcmp)
/usr/local/gcc-arm-none-eabi-5_4-2016q3/bin/../lib/gcc/arm-none-eabi/5.4.1/../../../../arm-none-eabi/lib/armv7e-m/fpu/libc_nano.a(lib_a-strcpy.o)
                              _build/nrf52832_xxaa_SEGGER_RTT.c.o (strcpy)
/usr/local/gcc-arm-none-eabi-5_4-2016q3/bin/../lib/gcc/arm-none-eabi/5.4.1/../../../../arm-none-eabi/lib/armv7e-m/fpu/libc_nano.a(lib_a-strlen.o)
                              _build/nrf52832_xxaa_nrf_log_backend_serial.c.o (strlen)
[...]
Memory Configuration

Name             Origin             Length             Attributes
FLASH            0x00000000         0x00080000         xr
RAM              0x20000000         0x00010000         xrw
*default*        0x00000000         0xffffffff

Linker script and memory map


.text           0x00000000     0x7630
 *(.isr_vector)
 .isr_vector    0x00000000      0x400 _build/nrf52832_xxaa_gcc_startup_nrf52.S.o
                0x00000000                __isr_vector
 *(.text*)
 .text          0x00000400       0x5c /usr/local/gcc-arm-none-eabi-5_4-2016q3/bin/../lib/gcc/arm-none-eabi/5.4.1/armv7e-m/fpu/crtbegin.o
 .text          0x0000045c       0x74 /usr/local/gcc-arm-none-eabi-5_4-2016q3/bin/../lib/gcc/arm-none-eabi/5.4.1/../../../../arm-none-eabi/lib/armv7e-m/fpu/crt0.o
                0x0000045c                _mainCRTStartup
                0x0000045c                _start
 .text.exit     0x000004d0       0x28 /usr/local/gcc-arm-none-eabi-5_4-2016q3/bin/../lib/gcc/arm-none-eabi/5.4.1/../../../../arm-none-eabi/lib/armv7e-m/fpu/libc_nano.a(lib_a-exit.o)
                0x000004d0                exit
 .text.__libc_init_array
                0x000004f8       0x4c /usr/local/gcc-arm-none-eabi-5_4-2016q3/bin/../lib/gcc/arm-none-eabi/5.4.1/../../../../arm-none-eabi/lib/armv7e-m/fpu/libc_nano.a(lib_a-init.o)
                0x000004f8                __libc_init_array
 .text.memset   0x00000544       0x10 /usr/local/gcc-arm-none-eabi-5_4-2016q3/bin/../lib/gcc/arm-none-eabi/5.4.1/../../../../arm-none-eabi/lib/armv7e-m/fpu/libc_nano.a(lib_a-memset.o)
                0x00000544                memset
 .text._exit    0x00000554        0x4 /usr/local/gcc-arm-none-eabi-5_4-2016q3/bin/../lib/gcc/arm-none-eabi/5.4.1/../../../../arm-none-eabi/lib/armv7e-m/fpu/libnosys.a(_exit.o)
                0x00000554                _exit
 .text.uart_event_handler
                0x00000558       0x14 _build/nrf52832_xxaa_nrf_log_backend_serial.c.o
 .text.buf_len_update
                0x0000056c       0x14 _build/nrf52832_xxaa_nrf_log_backend_serial.c.o
 .text.byte2hex
                0x00000580       0x30 _build/nrf52832_xxaa_nrf_log_backend_serial.c.o
 .text.timestamp_process
                0x000005b0       0x2c _build/nrf52832_xxaa_nrf_log_backend_serial.c.o
 .text.serial_is_busy
                0x000005dc       0x10 _build/nrf52832_xxaa_nrf_log_backend_serial.c.o
 .text.serial_tx
                0x000005ec       0x54 _build/nrf52832_xxaa_nrf_log_backend_serial.c.o
 .text.nrf_log_backend_serial_std_handler
                0x00000640      0x148 _build/nrf52832_xxaa_nrf_log_backend_serial.c.o
 .text.nrf_log_backend_serial_hexdump_handler
                0x00000788      0x118 _build/nrf52832_xxaa_nrf_log_backend_serial.c.o
 .text.nrf_log_backend_init
                0x000008a0       0x84 _build/nrf52832_xxaa_nrf_log_backend_serial.c.o
                0x000008a0                nrf_log_backend_init
 .text.nrf_log_backend_std_handler_get
                0x00000924        0x8 _build/nrf52832_xxaa_nrf_log_backend_serial.c.o
                0x00000924                nrf_log_backend_std_handler_get
 .text.nrf_log_backend_hexdump_handler_get
                0x0000092c        0x8 _build/nrf52832_xxaa_nrf_log_backend_serial.c.o
                0x0000092c                nrf_log_backend_hexdump_handler_get
 .text.nrf_log_handlers_set
                0x00000934        0xc _build/nrf52832_xxaa_nrf_log_frontend.c.o
                0x00000934                nrf_log_handlers_set
 .text.nrf_log_frontend_init
                0x00000940        0x8 _build/nrf52832_xxaa_nrf_log_frontend.c.o
                0x00000940                nrf_log_frontend_init
 .text.nrf_log_init
                0x00000948       0x28 _build/nrf52832_xxaa_nrf_log_frontend.c.o
                0x00000948                nrf_log_init
 .text.nrf_log_frontend_std_0
                0x00000970       0x1c _build/nrf52832_xxaa_nrf_log_frontend.c.o
                0x00000970                nrf_log_frontend_std_0
 .text.nrf_log_frontend_std_1
                0x0000098c       0x20 _build/nrf52832_xxaa_nrf_log_frontend.c.o
                0x0000098c                nrf_log_frontend_std_1
 .text.app_error_handler_bare
                0x000009ac       0x20 _build/nrf52832_xxaa_app_error.c.o
                0x000009ac                app_error_handler_bare
 .text.app_error_fault_handler
                0x000009cc       0x30 _build/nrf52832_xxaa_app_error_weak.c.o
                0x000009cc                app_error_fault_handler
 .text.sdc_calculate_size
                0x000009fc       0x64 _build/nrf52832_xxaa_app_sdcard.c.o
 .text.sdc_cmd  0x00000a60      0x114 _build/nrf52832_xxaa_app_sdcard.c.o
 .text.sdc_pt_sub_data_read
                0x00000b74      0x238 _build/nrf52832_xxaa_app_sdcard.c.o
 .text.sdc_pt_identification
                0x00000dac      0x3c8 _build/nrf52832_xxaa_app_sdcard.c.o
 .text.sdc_pt_read
                0x00001174       0xb4 _build/nrf52832_xxaa_app_sdcard.c.o
 .text.sdc_pt_write
                0x00001228      0x3b0 _build/nrf52832_xxaa_app_sdcard.c.o
 .text.app_sdc_block_read
                0x000015d8       0x78 _build/nrf52832_xxaa_app_sdcard.c.o
                0x000015d8                app_sdc_block_read
 .text.app_sdc_block_write
                0x00001650       0xa0 _build/nrf52832_xxaa_app_sdcard.c.o
                0x00001650                app_sdc_block_write
 .text.app_sdc_init
                0x000016f0       0xf4 _build/nrf52832_xxaa_app_sdcard.c.o
                0x000016f0                app_sdc_init
 .text.app_sdc_uninit
                0x000017e4       0x50 _build/nrf52832_xxaa_app_sdcard.c.o
                0x000017e4                app_sdc_uninit
 .text.spi_handler
                0x00001834      0x254 _build/nrf52832_xxaa_app_sdcard.c.o
 .text.app_sdc_busy_check
                0x00001a88       0x28 _build/nrf52832_xxaa_app_sdcard.c.o
                0x00001a88                app_sdc_busy_check
 .text.app_sdc_info_get
                0x00001ab0       0x1c _build/nrf52832_xxaa_app_sdcard.c.o
                0x00001ab0                app_sdc_info_get
 .text.block_dev_sdc_ioctl
                0x00001acc       0x28 _build/nrf52832_xxaa_nrf_block_dev_sdc.c.o
 .text.block_dev_sdc_geometry
                0x00001af4        0x4 _build/nrf52832_xxaa_nrf_block_dev_sdc.c.o
 .text.sdc_wait
                0x00001af8        0xc _build/nrf52832_xxaa_nrf_block_dev_sdc.c.o
 .text.block_dev_sdc_write_req
                0x00001b04       0x88 _build/nrf52832_xxaa_nrf_block_dev_sdc.c.o
 .text.block_dev_sdc_read_req
                0x00001b8c       0x88 _build/nrf52832_xxaa_nrf_block_dev_sdc.c.o
 .text.block_dev_sdc_uninit
                0x00001c14       0x60 _build/nrf52832_xxaa_nrf_block_dev_sdc.c.o
 .text.block_dev_sdc_init
                0x00001c74       0x84 _build/nrf52832_xxaa_nrf_block_dev_sdc.c.o
 .text.sdc_handler
                0x00001cf8       0xc0 _build/nrf52832_xxaa_nrf_block_dev_sdc.c.o
 .text.nrf_drv_common_irq_enable
                0x00001db8       0x48 _build/nrf52832_xxaa_nrf_drv_common.c.o
                0x00001db8                nrf_drv_common_irq_enable
 .text.finish_transfer
                0x00001e00       0x24 _build/nrf52832_xxaa_nrf_drv_spi.c.o
 .text.spim_xfer
                0x00001e24       0xc4 _build/nrf52832_xxaa_nrf_drv_spi.c.o
 .text.irq_handler_spim
                0x00001ee8       0x28 _build/nrf52832_xxaa_nrf_drv_spi.c.o
 .text.nrf_drv_spi_init
                0x00001f10      0x134 _build/nrf52832_xxaa_nrf_drv_spi.c.o
                0x00001f10                nrf_drv_spi_init
 .text.nrf_drv_spi_uninit
                0x00002044       0x70 _build/nrf52832_xxaa_nrf_drv_spi.c.o
                0x00002044                nrf_drv_spi_uninit
 .text.nrf_drv_spi_xfer
                0x000020b4       0x78 _build/nrf52832_xxaa_nrf_drv_spi.c.o
                0x000020b4                nrf_drv_spi_xfer
 .text.nrf_drv_spi_transfer
                0x0000212c       0x24 _build/nrf52832_xxaa_nrf_drv_spi.c.o
                0x0000212c                nrf_drv_spi_transfer
 .text.SPIM0_SPIS0_TWIM0_TWIS0_SPI0_TWI0_IRQHandler
                0x00002150       0x14 _build/nrf52832_xxaa_nrf_drv_spi.c.o
                0x00002150                SPIM0_SPIS0_TWIM0_TWIS0_SPI0_TWI0_IRQHandler
 .text.nrf_drv_uart_init
                0x00002164      0x220 _build/nrf52832_xxaa_nrf_drv_uart.c.o
                0x00002164                nrf_drv_uart_init
 .text.nrf_drv_uart_uninit
                0x00002384      0x14c _build/nrf52832_xxaa_nrf_drv_uart.c.o
                0x00002384                nrf_drv_uart_uninit
 .text.nrf_drv_uart_tx_in_progress
                0x000024d0       0x18 _build/nrf52832_xxaa_nrf_drv_uart.c.o
                0x000024d0                nrf_drv_uart_tx_in_progress
 .text.nrf_drv_uart_tx
                0x000024e8      0x194 _build/nrf52832_xxaa_nrf_drv_uart.c.o
                0x000024e8                nrf_drv_uart_tx
 .text.UARTE0_UART0_IRQHandler
                0x0000267c      0x34c _build/nrf52832_xxaa_nrf_drv_uart.c.o
                0x0000267c                UARTE0_UART0_IRQHandler
 .text.irq_handler
                0x000029c8       0x44 _build/nrf52832_xxaa_nrf_drv_timer.c.o
 .text.TIMER0_IRQHandler
                0x00002a0c       0x18 _build/nrf52832_xxaa_nrf_drv_timer.c.o
                0x00002a0c                TIMER0_IRQHandler
 .text.twi_process_error
                0x00002a24       0x28 _build/nrf52832_xxaa_nrf_drv_twi.c.o
 .text.irq_handler_twim
                0x00002a4c      0x164 _build/nrf52832_xxaa_nrf_drv_twi.c.o
 .text.twi_clear_bus
                0x00002bb0      0x2b0 _build/nrf52832_xxaa_nrf_drv_twi.c.o
 .text.nrf_drv_twi_init
                0x00002e60       0xa8 _build/nrf52832_xxaa_nrf_drv_twi.c.o
                0x00002e60                nrf_drv_twi_init
 .text.nrf_drv_twi_enable
                0x00002f08       0x20 _build/nrf52832_xxaa_nrf_drv_twi.c.o
                0x00002f08                nrf_drv_twi_enable
 .text.nrf_drv_twi_xfer
                0x00002f28      0x27c _build/nrf52832_xxaa_nrf_drv_twi.c.o
                0x00002f28                nrf_drv_twi_xfer
 .text.nrf_drv_twi_tx
                0x000031a4       0x2c _build/nrf52832_xxaa_nrf_drv_twi.c.o
                0x000031a4                nrf_drv_twi_tx
 .text.nrf_drv_twi_rx
                0x000031d0       0x28 _build/nrf52832_xxaa_nrf_drv_twi.c.o
                0x000031d0                nrf_drv_twi_rx
 .text.SPIM1_SPIS1_TWIM1_TWIS1_SPI1_TWI1_IRQHandler
                0x000031f8       0x14 _build/nrf52832_xxaa_nrf_drv_twi.c.o
                0x000031f8                SPIM1_SPIS1_TWIM1_TWIS1_SPI1_TWI1_IRQHandler
 .text.twi_handler
                0x0000320c       0x40 _build/nrf52832_xxaa_main.c.o
                0x0000320c                twi_handler
 .text.nrf_esb_event_handler
                0x0000324c      0x338 _build/nrf52832_xxaa_main.c.o
                0x0000324c                nrf_esb_event_handler
 .text.write_to_sd
                0x00003584      0x21c _build/nrf52832_xxaa_main.c.o
 .text.configure_sd
                0x000037a0       0xb8 _build/nrf52832_xxaa_main.c.o
                0x000037a0                configure_sd
 .text.rtc_config
                0x00003858       0x60 _build/nrf52832_xxaa_main.c.o
                0x00003858                rtc_config
 .text.RTC1_IRQHandler
                0x000038b8       0x3c _build/nrf52832_xxaa_main.c.o
                0x000038b8                RTC1_IRQHandler
 .text.writeAccel
                0x000038f4       0x38 _build/nrf52832_xxaa_main.c.o
                0x000038f4                writeAccel
 .text.readAccel
                0x0000392c       0x48 _build/nrf52832_xxaa_main.c.o
                0x0000392c                readAccel
 .text.enableAccel
                0x00003974       0x64 _build/nrf52832_xxaa_main.c.o
                0x00003974                enableAccel
 .text.readAccelXYZ
                0x000039d8       0x90 _build/nrf52832_xxaa_main.c.o
                0x000039d8                readAccelXYZ
 .text.setClickCnfg
                0x00003a68       0xc8 _build/nrf52832_xxaa_main.c.o
                0x00003a68                setClickCnfg
 .text.twi_init
                0x00003b30       0xcc _build/nrf52832_xxaa_main.c.o
                0x00003b30                twi_init
 .text.clocks_start
                0x00003bfc       0x1c _build/nrf52832_xxaa_main.c.o
                0x00003bfc                clocks_start
 .text.esb_init
                0x00003c18       0x98 _build/nrf52832_xxaa_main.c.o
                0x00003c18                esb_init
 .text.send_start_codon
                0x00003cb0       0xbc _build/nrf52832_xxaa_main.c.o
                0x00003cb0                send_start_codon
 .text.send_gather_data
                0x00003d6c       0xbc _build/nrf52832_xxaa_main.c.o
                0x00003d6c                send_gather_data
 .text.main     0x00003e28      0x1f0 _build/nrf52832_xxaa_main.c.o
                0x00003e28                main
 .text._GetAvailWriteSpace
                0x00004018       0x18 _build/nrf52832_xxaa_SEGGER_RTT.c.o
 .text._WriteNoCheck
                0x00004030       0x44 _build/nrf52832_xxaa_SEGGER_RTT.c.o
 .text._WriteBlocking
                0x00004074       0x5c _build/nrf52832_xxaa_SEGGER_RTT.c.o
 .text._DoInit  0x000040d0       0x60 _build/nrf52832_xxaa_SEGGER_RTT.c.o
 .text.SEGGER_RTT_WriteNoLock
                0x00004130       0x70 _build/nrf52832_xxaa_SEGGER_RTT.c.o
                0x00004130                SEGGER_RTT_WriteNoLock
 .text.SEGGER_RTT_Init
                0x000041a0       0x14 _build/nrf52832_xxaa_SEGGER_RTT.c.o
                0x000041a0                SEGGER_RTT_Init
 .text.block_dev_handler
                0x000041b4       0x24 _build/nrf52832_xxaa_diskio_blkdev.c.o
 .text.default_wait_func
                0x000041d8        0x4 _build/nrf52832_xxaa_diskio_blkdev.c.o
 .text.disk_initialize
                0x000041dc       0x8c _build/nrf52832_xxaa_diskio_blkdev.c.o
                0x000041dc                disk_initialize
 .text.disk_status
                0x00004268       0x28 _build/nrf52832_xxaa_diskio_blkdev.c.o
                0x00004268                disk_status
 .text.disk_read
                0x00004290       0x94 _build/nrf52832_xxaa_diskio_blkdev.c.o
                0x00004290                disk_read
 .text.disk_write
                0x00004324       0xa0 _build/nrf52832_xxaa_diskio_blkdev.c.o
                0x00004324                disk_write
 .text.disk_ioctl
                0x000043c4       0xa0 _build/nrf52832_xxaa_diskio_blkdev.c.o
                0x000043c4                disk_ioctl
 .text.diskio_blockdev_register
                0x00004464       0x14 _build/nrf52832_xxaa_diskio_blkdev.c.o
                0x00004464                diskio_blockdev_register
 .text.ld_word  0x00004478        0xc _build/nrf52832_xxaa_ff.c.o
 .text.ld_dword
                0x00004484       0x18 _build/nrf52832_xxaa_ff.c.o
 .text.st_word  0x0000449c        0x8 _build/nrf52832_xxaa_ff.c.o
 .text.st_dword
                0x000044a4       0x14 _build/nrf52832_xxaa_ff.c.o
 .text.mem_cpy  0x000044b8       0x14 _build/nrf52832_xxaa_ff.c.o
 .text.mem_set  0x000044cc        0xc _build/nrf52832_xxaa_ff.c.o
 .text.mem_cmp  0x000044d8       0x20 _build/nrf52832_xxaa_ff.c.o
 .text.chk_chr  0x000044f8       0x10 _build/nrf52832_xxaa_ff.c.o
 .text.clust2sect
                0x00004508       0x18 _build/nrf52832_xxaa_ff.c.o
 .text.ld_clust
                0x00004520       0x24 _build/nrf52832_xxaa_ff.c.o
 .text.st_clust
                0x00004544       0x24 _build/nrf52832_xxaa_ff.c.o
 .text.create_name
                0x00004568      0x110 _build/nrf52832_xxaa_ff.c.o
 .text.get_ldnumber
                0x00004678       0x54 _build/nrf52832_xxaa_ff.c.o
 .text.validate
                0x000046cc       0x34 _build/nrf52832_xxaa_ff.c.o
 .text.sync_window
                0x00004700       0x54 _build/nrf52832_xxaa_ff.c.o
 .text.move_window
                0x00004754       0x34 _build/nrf52832_xxaa_ff.c.o
 .text.check_fs
                0x00004788       0x7c _build/nrf52832_xxaa_ff.c.o
 .text.find_volume
                0x00004804      0x2d4 _build/nrf52832_xxaa_ff.c.o
 .text.put_fat  0x00004ad8      0x108 _build/nrf52832_xxaa_ff.c.o
 .text.get_fat  0x00004be0       0xd4 _build/nrf52832_xxaa_ff.c.o
 .text.dir_sdi  0x00004cb4       0xb4 _build/nrf52832_xxaa_ff.c.o
 .text.create_chain
                0x00004d68       0xd0 _build/nrf52832_xxaa_ff.c.o
 .text.remove_chain
                0x00004e38       0x7c _build/nrf52832_xxaa_ff.c.o
 .text.dir_next
                0x00004eb4      0x124 _build/nrf52832_xxaa_ff.c.o
 .text.dir_find
                0x00004fd8       0x58 _build/nrf52832_xxaa_ff.c.o
 .text.follow_path
                0x00005030       0x90 _build/nrf52832_xxaa_ff.c.o
 .text.dir_alloc
                0x000050c0       0x4c _build/nrf52832_xxaa_ff.c.o
 .text.dir_register
                0x0000510c       0x3c _build/nrf52832_xxaa_ff.c.o
 .text.sync_fs  0x00005148       0x8c _build/nrf52832_xxaa_ff.c.o
 .text.f_mount  0x000051d4       0x58 _build/nrf52832_xxaa_ff.c.o
                0x000051d4                f_mount
 .text.f_open   0x0000522c      0x1e0 _build/nrf52832_xxaa_ff.c.o
                0x0000522c                f_open
 .text.f_write  0x0000540c      0x1ac _build/nrf52832_xxaa_ff.c.o
                0x0000540c                f_write
 .text.f_sync   0x000055b8       0x9c _build/nrf52832_xxaa_ff.c.o
                0x000055b8                f_sync
 .text.f_close  0x00005654       0x24 _build/nrf52832_xxaa_ff.c.o
                0x00005654                f_close
 .text.update_rf_payload_format_esb_dpl
                0x00005678       0x2c _build/nrf52832_xxaa_nrf_esb.c.o
 .text.update_rf_payload_format_esb
                0x000056a4       0x2c _build/nrf52832_xxaa_nrf_esb.c.o
 .text.update_radio_tx_power
                0x000056d0       0x14 _build/nrf52832_xxaa_nrf_esb.c.o
 .text.update_radio_bitrate
                0x000056e4       0x44 _build/nrf52832_xxaa_nrf_esb.c.o
 .text.update_radio_protocol
                0x00005728       0x2c _build/nrf52832_xxaa_nrf_esb.c.o
 .text.update_radio_crc
                0x00005754       0x44 _build/nrf52832_xxaa_nrf_esb.c.o
 .text.update_radio_parameters
                0x00005798       0x28 _build/nrf52832_xxaa_nrf_esb.c.o
 .text.reset_fifos
                0x000057c0       0x1c _build/nrf52832_xxaa_nrf_esb.c.o
 .text.initialize_fifos
                0x000057dc       0x50 _build/nrf52832_xxaa_nrf_esb.c.o
 .text.tx_fifo_remove_last
                0x0000582c       0x34 _build/nrf52832_xxaa_nrf_esb.c.o
 .text.sys_timer_init
                0x00005860       0x1c _build/nrf52832_xxaa_nrf_esb.c.o
 .text.ppi_init
                0x0000587c       0x54 _build/nrf52832_xxaa_nrf_esb.c.o
 .text.on_radio_disabled_tx
                0x000058d0       0x8c _build/nrf52832_xxaa_nrf_esb.c.o
 .text.nrf_esb_get_clear_interrupts
                0x0000595c       0x3c _build/nrf52832_xxaa_nrf_esb.c.o
 .text.start_tx_transaction
                0x00005998      0x160 _build/nrf52832_xxaa_nrf_esb.c.o
 .text.on_radio_disabled_tx_noack
                0x00005af8       0x48 _build/nrf52832_xxaa_nrf_esb.c.o
 .text.rx_fifo_push_rfbuf
                0x00005b40       0xa4 _build/nrf52832_xxaa_nrf_esb.c.o
 .text.on_radio_disabled_tx_wait_for_ack
                0x00005be4      0x16c _build/nrf52832_xxaa_nrf_esb.c.o
 .text.bytewise_bit_swap
                0x00005d50        0xc _build/nrf52832_xxaa_nrf_esb.c.o
 .text.addr_conv
                0x00005d5c        0xc _build/nrf52832_xxaa_nrf_esb.c.o
 .text.update_radio_addresses
                0x00005d68       0x58 _build/nrf52832_xxaa_nrf_esb.c.o
 .text.RADIO_IRQHandler
                0x00005dc0       0x68 _build/nrf52832_xxaa_nrf_esb.c.o
                0x00005dc0                RADIO_IRQHandler
 .text.nrf_esb_disable
                0x00005e28       0x58 _build/nrf52832_xxaa_nrf_esb.c.o
                0x00005e28                nrf_esb_disable
 .text.nrf_esb_init
                0x00005e80       0xa8 _build/nrf52832_xxaa_nrf_esb.c.o
                0x00005e80                nrf_esb_init
 .text.SWI0_EGU0_IRQHandler
                0x00005f28       0x64 _build/nrf52832_xxaa_nrf_esb.c.o
                0x00005f28                SWI0_EGU0_IRQHandler
 .text.nrf_esb_write_payload
                0x00005f8c       0xf8 _build/nrf52832_xxaa_nrf_esb.c.o
                0x00005f8c                nrf_esb_write_payload
 .text.nrf_esb_read_rx_payload
                0x00006084       0x74 _build/nrf52832_xxaa_nrf_esb.c.o
                0x00006084                nrf_esb_read_rx_payload
 .text.nrf_esb_flush_tx
                0x000060f8       0x2c _build/nrf52832_xxaa_nrf_esb.c.o
                0x000060f8                nrf_esb_flush_tx
 .text.nrf_esb_set_base_address_0
                0x00006124       0x30 _build/nrf52832_xxaa_nrf_esb.c.o
                0x00006124                nrf_esb_set_base_address_0
 .text.nrf_esb_set_base_address_1
                0x00006154       0x30 _build/nrf52832_xxaa_nrf_esb.c.o
                0x00006154                nrf_esb_set_base_address_1
 .text.nrf_esb_set_prefixes
                0x00006184       0x4c _build/nrf52832_xxaa_nrf_esb.c.o
                0x00006184                nrf_esb_set_prefixes
 .text.nrf_esb_set_rf_channel
                0x000061d0       0x24 _build/nrf52832_xxaa_nrf_esb.c.o
                0x000061d0                nrf_esb_set_rf_channel
 .text          0x000061f4       0x3c _build/nrf52832_xxaa_gcc_startup_nrf52.S.o
                0x000061f4                Reset_Handler
                0x0000621c                NMI_Handler
                0x0000621e                HardFault_Handler
                0x00006220                MemoryManagement_Handler
                0x00006222                BusFault_Handler
                0x00006224                UsageFault_Handler
                0x00006226                SVC_Handler
                0x00006228                DebugMon_Handler
                0x0000622a                PendSV_Handler
                0x0000622c                SysTick_Handler
                0x0000622e                TIMER2_IRQHandler
                0x0000622e                RTC0_IRQHandler
                0x0000622e                SWI2_EGU2_IRQHandler
                0x0000622e                GPIOTE_IRQHandler
                0x0000622e                PWM1_IRQHandler
                0x0000622e                POWER_CLOCK_IRQHandler
                0x0000622e                PDM_IRQHandler
                0x0000622e                TEMP_IRQHandler
                0x0000622e                QDEC_IRQHandler
                0x0000622e                TIMER3_IRQHandler
                0x0000622e                FPU_IRQHandler
                0x0000622e                TIMER4_IRQHandler
                0x0000622e                I2S_IRQHandler
                0x0000622e                SWI4_EGU4_IRQHandler
                0x0000622e                TIMER1_IRQHandler
                0x0000622e                PWM2_IRQHandler
                0x0000622e                ECB_IRQHandler
                0x0000622e                Default_Handler
                0x0000622e                SAADC_IRQHandler
                0x0000622e                CCM_AAR_IRQHandler
                0x0000622e                WDT_IRQHandler
                0x0000622e                SWI5_EGU5_IRQHandler
                0x0000622e                RNG_IRQHandler
                0x0000622e                RTC2_IRQHandler
                0x0000622e                PWM0_IRQHandler
                0x0000622e                SWI3_EGU3_IRQHandler
                0x0000622e                SWI1_EGU1_IRQHandler
                0x0000622e                SPIM2_SPIS2_SPI2_IRQHandler
                0x0000622e                NFCT_IRQHandler
                0x0000622e                MWU_IRQHandler
                0x0000622e                COMP_LPCOMP_IRQHandler
 .text.errata_16
                0x00006230       0x3c _build/nrf52832_xxaa_system_nrf52.c.o
 .text.errata_31
                0x0000626c       0x4c _build/nrf52832_xxaa_system_nrf52.c.o
 .text.errata_32
                0x000062b8       0x3c _build/nrf52832_xxaa_system_nrf52.c.o
 .text.errata_36
                0x000062f4       0x4c _build/nrf52832_xxaa_system_nrf52.c.o
 .text.errata_37
                0x00006340       0x3c _build/nrf52832_xxaa_system_nrf52.c.o
 .text.errata_57
                0x0000637c       0x3c _build/nrf52832_xxaa_system_nrf52.c.o
 .text.errata_66
                0x000063b8       0x3c _build/nrf52832_xxaa_system_nrf52.c.o
 .text.errata_108
                0x000063f4       0x4c _build/nrf52832_xxaa_system_nrf52.c.o
 .text.SystemCoreClockUpdate
                0x00006440       0x10 _build/nrf52832_xxaa_system_nrf52.c.o
                0x00006440                SystemCoreClockUpdate
 .text.SystemInit
                0x00006450      0x1e8 _build/nrf52832_xxaa_system_nrf52.c.o
                0x00006450                SystemInit
 .text.__get_current_locale
                0x00006638       0x18 /usr/local/gcc-arm-none-eabi-5_4-2016q3/bin/../lib/gcc/arm-none-eabi/5.4.1/../../../../arm-none-eabi/lib/armv7e-m/fpu/libc_nano.a(lib_a-locale.o)
 .text.__locale_ctype_ptr
                0x00006650       0x14 /usr/local/gcc-arm-none-eabi-5_4-2016q3/bin/../lib/gcc/arm-none-eabi/5.4.1/../../../../arm-none-eabi/lib/armv7e-m/fpu/libc_nano.a(lib_a-locale.o)
                0x00006650                __locale_ctype_ptr
 .text.free     0x00006664       0x10 /usr/local/gcc-arm-none-eabi-5_4-2016q3/bin/../lib/gcc/arm-none-eabi/5.4.1/../../../../arm-none-eabi/lib/armv7e-m/fpu/libc_nano.a(lib_a-malloc.o)
                0x00006664                free
 .text.__ascii_mbtowc
                0x00006674       0x24 /usr/local/gcc-arm-none-eabi-5_4-2016q3/bin/../lib/gcc/arm-none-eabi/5.4.1/../../../../arm-none-eabi/lib/armv7e-m/fpu/libc_nano.a(lib_a-mbtowc_r.o)
                0x00006674                __ascii_mbtowc
 .text.memcpy   0x00006698       0x16 /usr/local/gcc-arm-none-eabi-5_4-2016q3/bin/../lib/gcc/arm-none-eabi/5.4.1/../../../../arm-none-eabi/lib/armv7e-m/fpu/libc_nano.a(lib_a-memcpy-stub.o)
                0x00006698                memcpy
 *fill*         0x000066ae        0x2 
 .text._free_r  0x000066b0       0x9c /usr/local/gcc-arm-none-eabi-5_4-2016q3/bin/../lib/gcc/arm-none-eabi/5.4.1/../../../../arm-none-eabi/lib/armv7e-m/fpu/libc_nano.a(lib_a-nano-freer.o)
                0x000066b0                _free_r
 .text._malloc_r
                0x0000674c       0xbc /usr/local/gcc-arm-none-eabi-5_4-2016q3/bin/../lib/gcc/arm-none-eabi/5.4.1/../../../../arm-none-eabi/lib/armv7e-m/fpu/libc_nano.a(lib_a-nano-mallocr.o)
                0x0000674c                _malloc_r
 .text._sbrk_r  0x00006808       0x20 /usr/local/gcc-arm-none-eabi-5_4-2016q3/bin/../lib/gcc/arm-none-eabi/5.4.1/../../../../arm-none-eabi/lib/armv7e-m/fpu/libc_nano.a(lib_a-sbrkr.o)
                0x00006808                _sbrk_r
 .text.snprintf
                0x00006828       0x64 /usr/local/gcc-arm-none-eabi-5_4-2016q3/bin/../lib/gcc/arm-none-eabi/5.4.1/../../../../arm-none-eabi/lib/armv7e-m/fpu/libc_nano.a(lib_a-snprintf.o)
                0x00006828                snprintf
                0x00006828                sniprintf
 .text.sprintf  0x0000688c       0x48 /usr/local/gcc-arm-none-eabi-5_4-2016q3/bin/../lib/gcc/arm-none-eabi/5.4.1/../../../../arm-none-eabi/lib/armv7e-m/fpu/libc_nano.a(lib_a-sprintf.o)
                0x0000688c                sprintf
                0x0000688c                siprintf
 .text.strcpy   0x000068d4       0x10 /usr/local/gcc-arm-none-eabi-5_4-2016q3/bin/../lib/gcc/arm-none-eabi/5.4.1/../../../../arm-none-eabi/lib/armv7e-m/fpu/libc_nano.a(lib_a-strcpy.o)
                0x000068d4                strcpy
 .text          0x000068e4       0x10 /usr/local/gcc-arm-none-eabi-5_4-2016q3/bin/../lib/gcc/arm-none-eabi/5.4.1/../../../../arm-none-eabi/lib/armv7e-m/fpu/libc_nano.a(lib_a-strlen.o)
                0x000068e4                strlen
 .text.__ascii_wctomb
                0x000068f4       0x1a /usr/local/gcc-arm-none-eabi-5_4-2016q3/bin/../lib/gcc/arm-none-eabi/5.4.1/../../../../arm-none-eabi/lib/armv7e-m/fpu/libc_nano.a(lib_a-wctomb_r.o)
                0x000068f4                __ascii_wctomb
 .text.__malloc_lock
                0x0000690e        0x2 /usr/local/gcc-arm-none-eabi-5_4-2016q3/bin/../lib/gcc/arm-none-eabi/5.4.1/../../../../arm-none-eabi/lib/armv7e-m/fpu/libc_nano.a(lib_a-mlock.o)
                0x0000690e                __malloc_lock
 .text.__malloc_unlock
                0x00006910        0x2 /usr/local/gcc-arm-none-eabi-5_4-2016q3/bin/../lib/gcc/arm-none-eabi/5.4.1/../../../../arm-none-eabi/lib/armv7e-m/fpu/libc_nano.a(lib_a-mlock.o)
                0x00006910                __malloc_unlock
 .text.__ssputs_r
                0x00006912       0xb2 /usr/local/gcc-arm-none-eabi-5_4-2016q3/bin/../lib/gcc/arm-none-eabi/5.4.1/../../../../arm-none-eabi/lib/armv7e-m/fpu/libc_nano.a(lib_a-nano-svfprintf.o)
                0x00006912                __ssputs_r
 .text._svfprintf_r
                0x000069c4      0x1e8 /usr/local/gcc-arm-none-eabi-5_4-2016q3/bin/../lib/gcc/arm-none-eabi/5.4.1/../../../../arm-none-eabi/lib/armv7e-m/fpu/libc_nano.a(lib_a-nano-svfprintf.o)
                0x000069c4                _svfprintf_r
                0x000069c4                _svfiprintf_r
 .text._printf_common
                0x00006bac       0xec /usr/local/gcc-arm-none-eabi-5_4-2016q3/bin/../lib/gcc/arm-none-eabi/5.4.1/../../../../arm-none-eabi/lib/armv7e-m/fpu/libc_nano.a(lib_a-nano-vfprintf_i.o)
                0x00006bac                _printf_common
 .text._printf_i
                0x00006c98      0x24c /usr/local/gcc-arm-none-eabi-5_4-2016q3/bin/../lib/gcc/arm-none-eabi/5.4.1/../../../../arm-none-eabi/lib/armv7e-m/fpu/libc_nano.a(lib_a-nano-vfprintf_i.o)
                0x00006c98                _printf_i
 *fill*         0x00006ee4        0xc 
 .text          0x00006ef0       0xa0 /usr/local/gcc-arm-none-eabi-5_4-2016q3/bin/../lib/gcc/arm-none-eabi/5.4.1/../../../../arm-none-eabi/lib/armv7e-m/fpu/libc_nano.a(lib_a-memchr.o)
                0x00006ef0                memchr
 .text.memmove  0x00006f90       0x36 /usr/local/gcc-arm-none-eabi-5_4-2016q3/bin/../lib/gcc/arm-none-eabi/5.4.1/../../../../arm-none-eabi/lib/armv7e-m/fpu/libc_nano.a(lib_a-memmove.o)
                0x00006f90                memmove
 .text._realloc_r
                0x00006fc6       0x4c /usr/local/gcc-arm-none-eabi-5_4-2016q3/bin/../lib/gcc/arm-none-eabi/5.4.1/../../../../arm-none-eabi/lib/armv7e-m/fpu/libc_nano.a(lib_a-nano-reallocr.o)
                0x00006fc6                _realloc_r
 .text._malloc_usable_size_r
                0x00007012       0x14 /usr/local/gcc-arm-none-eabi-5_4-2016q3/bin/../lib/gcc/arm-none-eabi/5.4.1/../../../../arm-none-eabi/lib/armv7e-m/fpu/libc_nano.a(lib_a-nano-msizer.o)
                0x00007012                _malloc_usable_size_r
 *fill*         0x00007026        0x2 
 .text._sbrk    0x00007028       0x1c /usr/local/gcc-arm-none-eabi-5_4-2016q3/bin/../lib/gcc/arm-none-eabi/5.4.1/../../../../arm-none-eabi/lib/armv7e-m/fpu/libnosys.a(sbrk.o)
                0x00007028                _sbrk
 *(.init)
 .init          0x00007044        0x4 /usr/local/gcc-arm-none-eabi-5_4-2016q3/bin/../lib/gcc/arm-none-eabi/5.4.1/armv7e-m/fpu/crti.o
                0x00007044                _init
 .init          0x00007048        0x8 /usr/local/gcc-arm-none-eabi-5_4-2016q3/bin/../lib/gcc/arm-none-eabi/5.4.1/armv7e-m/fpu/crtn.o
 *(.fini)
 .fini          0x00007050        0x4 /usr/local/gcc-arm-none-eabi-5_4-2016q3/bin/../lib/gcc/arm-none-eabi/5.4.1/armv7e-m/fpu/crti.o
                0x00007050                _fini
 .fini          0x00007054        0x8 /usr/local/gcc-arm-none-eabi-5_4-2016q3/bin/../lib/gcc/arm-none-eabi/5.4.1/armv7e-m/fpu/crtn.o
 *crtbegin.o(.ctors)
 *crtbegin?.o(.ctors)
 *(EXCLUDE_FILE(*crtend.o *crtend?.o) .ctors)
 *(SORT(.ctors.*))
 *(.ctors)
 *crtbegin.o(.dtors)
 *crtbegin?.o(.dtors)
 *(EXCLUDE_FILE(*crtend.o *crtend?.o) .dtors)
 *(SORT(.dtors.*))
 *(.dtors)
 *(.rodata*)
 .rodata._global_impure_ptr
                0x0000705c        0x4 /usr/local/gcc-arm-none-eabi-5_4-2016q3/bin/../lib/gcc/arm-none-eabi/5.4.1/../../../../arm-none-eabi/lib/armv7e-m/fpu/libc_nano.a(lib_a-impure.o)
                0x0000705c                _global_impure_ptr
 .rodata        0x00007060       0x20 _build/nrf52832_xxaa_nrf_log_backend_serial.c.o
 .rodata.str1.4
                0x00007080        0x7 _build/nrf52832_xxaa_nrf_log_backend_serial.c.o
 *fill*         0x00007087        0x1 
 .rodata.str1.4
                0x00007088       0x18 _build/nrf52832_xxaa_app_error_weak.c.o
 .rodata.m_spi  0x000070a0        0x8 _build/nrf52832_xxaa_app_sdcard.c.o
 .rodata.nrf_block_device_sdc_ops
                0x000070a8       0x18 _build/nrf52832_xxaa_nrf_block_dev_sdc.c.o
                0x000070a8                nrf_block_device_sdc_ops
 .rodata        0x000070c0      0x1e8 _build/nrf52832_xxaa_main.c.o
 .rodata.m_twi_device
                0x000072a8        0x8 _build/nrf52832_xxaa_main.c.o
 .rodata.str1.4
                0x000072b0      0x1c1 _build/nrf52832_xxaa_main.c.o
                                0x1c9 (size before relaxing)
 *fill*         0x00007471        0x3 
 .rodata.m_block_dev_sdc
                0x00007474       0x1c _build/nrf52832_xxaa_main.c.o
 .rodata.str1.4
                0x00007490       0x17 _build/nrf52832_xxaa_SEGGER_RTT.c.o
 *fill*         0x000074a7        0x1 
 .rodata.str1.4
                0x000074a8       0x44 _build/nrf52832_xxaa_ff.c.o
 .rodata.str1.1
                0x000074ec        0xa /usr/local/gcc-arm-none-eabi-5_4-2016q3/bin/../lib/gcc/arm-none-eabi/5.4.1/../../../../arm-none-eabi/lib/armv7e-m/fpu/libc_nano.a(lib_a-locale.o)
                                  0xb (size before relaxing)
 .rodata._ctype_
                0x000074f6      0x101 /usr/local/gcc-arm-none-eabi-5_4-2016q3/bin/../lib/gcc/arm-none-eabi/5.4.1/../../../../arm-none-eabi/lib/armv7e-m/fpu/libc_nano.a(lib_a-ctype_.o)
                0x000074f6                _ctype_
 .rodata.str1.1
                0x000075f7       0x11 /usr/local/gcc-arm-none-eabi-5_4-2016q3/bin/../lib/gcc/arm-none-eabi/5.4.1/../../../../arm-none-eabi/lib/armv7e-m/fpu/libc_nano.a(lib_a-nano-svfprintf.o)
 .rodata.str1.1
                0x00007608       0x22 /usr/local/gcc-arm-none-eabi-5_4-2016q3/bin/../lib/gcc/arm-none-eabi/5.4.1/../../../../arm-none-eabi/lib/armv7e-m/fpu/libc_nano.a(lib_a-nano-vfprintf_i.o)
 *(.eh_frame*)
 *fill*         0x0000762a        0x2 
 .eh_frame      0x0000762c        0x0 /usr/local/gcc-arm-none-eabi-5_4-2016q3/bin/../lib/gcc/arm-none-eabi/5.4.1/armv7e-m/fpu/crtbegin.o
 .eh_frame      0x0000762c        0x4 /usr/local/gcc-arm-none-eabi-5_4-2016q3/bin/../lib/gcc/arm-none-eabi/5.4.1/armv7e-m/fpu/crtend.o

.glue_7         0x00007630        0x0
 .glue_7        0x00007630        0x0 linker stubs

.glue_7t        0x00007630        0x0
 .glue_7t       0x00007630        0x0 linker stubs

.vfp11_veneer   0x00007630        0x0
 .vfp11_veneer  0x00007630        0x0 linker stubs

.v4_bx          0x00007630        0x0
 .v4_bx         0x00007630        0x0 linker stubs

.iplt           0x00007630        0x0
 .iplt          0x00007630        0x0 /usr/local/gcc-arm-none-eabi-5_4-2016q3/bin/../lib/gcc/arm-none-eabi/5.4.1/armv7e-m/fpu/crtbegin.o

.ARM.extab
 *(.ARM.extab* .gnu.linkonce.armextab.*)
                0x00007630                __exidx_start = .

.ARM.exidx      0x00007630        0x8
 *(.ARM.exidx* .gnu.linkonce.armexidx.*)
 .ARM.exidx     0x00007630        0x8 /usr/local/gcc-arm-none-eabi-5_4-2016q3/bin/../lib/gcc/arm-none-eabi/5.4.1/../../../../arm-none-eabi/lib/armv7e-m/fpu/crt0.o
                0x00007638                __exidx_end = .
                0x00007638                __etext = .

.rel.dyn        0x00007638        0x0
 .rel.iplt      0x00007638        0x0 /usr/local/gcc-arm-none-eabi-5_4-2016q3/bin/../lib/gcc/arm-none-eabi/5.4.1/armv7e-m/fpu/crtbegin.o

.data           0x20000000      0x234 load address 0x00007638
                0x20000000                __data_start__ = .
 *(vtable)
 *(.data*)
 .data.impure_data
                0x20000000       0x60 /usr/local/gcc-arm-none-eabi-5_4-2016q3/bin/../lib/gcc/arm-none-eabi/5.4.1/../../../../arm-none-eabi/lib/armv7e-m/fpu/libc_nano.a(lib_a-impure.o)
 .data._impure_ptr
                0x20000060        0x4 /usr/local/gcc-arm-none-eabi-5_4-2016q3/bin/../lib/gcc/arm-none-eabi/5.4.1/../../../../arm-none-eabi/lib/armv7e-m/fpu/libc_nano.a(lib_a-impure.o)
                0x20000060                _impure_ptr
 .data.m_uart   0x20000064        0x8 _build/nrf52832_xxaa_nrf_log_backend_serial.c.o
 .data.SD_Card  0x2000006c        0x1 _build/nrf52832_xxaa_main.c.o
 *fill*         0x2000006d        0x3 
 .data.tx_payload
                0x20000070       0x25 _build/nrf52832_xxaa_main.c.o
 *fill*         0x20000095        0x3 
 .data.drives.9432
                0x20000098        0xc _build/nrf52832_xxaa_main.c.o
 .data.m_esb_addr
                0x200000a4       0x14 _build/nrf52832_xxaa_nrf_esb.c.o
 .data.SystemCoreClock
                0x200000b8        0x4 _build/nrf52832_xxaa_system_nrf52.c.o
                0x200000b8                SystemCoreClock
 .data.__global_locale
                0x200000bc      0x16c /usr/local/gcc-arm-none-eabi-5_4-2016q3/bin/../lib/gcc/arm-none-eabi/5.4.1/../../../../arm-none-eabi/lib/armv7e-m/fpu/libc_nano.a(lib_a-locale.o)
                0x200000bc                __global_locale
                0x20000228                . = ALIGN (0x4)
                0x20000228                PROVIDE (__preinit_array_start, .)
 *(.preinit_array)
                0x20000228                PROVIDE (__preinit_array_end, .)
                0x20000228                . = ALIGN (0x4)
                0x20000228                PROVIDE (__init_array_start, .)
 *(SORT(.init_array.*))
 *(.init_array)
 .init_array    0x20000228        0x4 /usr/local/gcc-arm-none-eabi-5_4-2016q3/bin/../lib/gcc/arm-none-eabi/5.4.1/armv7e-m/fpu/crtbegin.o
                0x2000022c                PROVIDE (__init_array_end, .)
                0x2000022c                . = ALIGN (0x4)
                [!provide]                PROVIDE (__fini_array_start, .)
 *(SORT(.fini_array.*))
 *(.fini_array)
 .fini_array    0x2000022c        0x4 /usr/local/gcc-arm-none-eabi-5_4-2016q3/bin/../lib/gcc/arm-none-eabi/5.4.1/armv7e-m/fpu/crtbegin.o
                [!provide]                PROVIDE (__fini_array_end, .)
 *(.jcr*)
 .jcr           0x20000230        0x0 /usr/local/gcc-arm-none-eabi-5_4-2016q3/bin/../lib/gcc/arm-none-eabi/5.4.1/armv7e-m/fpu/crtbegin.o
 .jcr           0x20000230        0x4 /usr/local/gcc-arm-none-eabi-5_4-2016q3/bin/../lib/gcc/arm-none-eabi/5.4.1/armv7e-m/fpu/crtend.o
                0x20000234                . = ALIGN (0x4)
                0x20000234                __data_end__ = .
LOAD /usr/local/gcc-arm-none-eabi-5_4-2016q3/bin/../lib/gcc/arm-none-eabi/5.4.1/armv7e-m/fpu/crti.o
LOAD /usr/local/gcc-arm-none-eabi-5_4-2016q3/bin/../lib/gcc/arm-none-eabi/5.4.1/armv7e-m/fpu/crtbegin.o
LOAD /usr/local/gcc-arm-none-eabi-5_4-2016q3/bin/../lib/gcc/arm-none-eabi/5.4.1/../../../../arm-none-eabi/lib/armv7e-m/fpu/crt0.o
LOAD /usr/local/gcc-arm-none-eabi-5_4-2016q3/bin/../lib/gcc/arm-none-eabi/5.4.1/../../../../arm-none-eabi/lib/armv7e-m/fpu/libc_nano.a
LOAD /usr/local/gcc-arm-none-eabi-5_4-2016q3/bin/../lib/gcc/arm-none-eabi/5.4.1/../../../../arm-none-eabi/lib/armv7e-m/fpu/libnosys.a
LOAD _build/nrf52832_xxaa_nrf_log_backend_serial.c.o
LOAD _build/nrf52832_xxaa_nrf_log_frontend.c.o
LOAD _build/nrf52832_xxaa_app_error.c.o
LOAD _build/nrf52832_xxaa_app_error_weak.c.o
LOAD _build/nrf52832_xxaa_app_fifo.c.o
LOAD _build/nrf52832_xxaa_app_sdcard.c.o
LOAD _build/nrf52832_xxaa_app_uart_fifo.c.o
LOAD _build/nrf52832_xxaa_app_util_platform.c.o
LOAD _build/nrf52832_xxaa_nrf_assert.c.o
LOAD _build/nrf52832_xxaa_nrf_block_dev_sdc.c.o
LOAD _build/nrf52832_xxaa_sdk_errors.c.o
LOAD _build/nrf52832_xxaa_boards.c.o
LOAD _build/nrf52832_xxaa_nrf_drv_common.c.o
LOAD _build/nrf52832_xxaa_nrf_drv_spi.c.o
LOAD _build/nrf52832_xxaa_nrf_drv_uart.c.o
LOAD _build/nrf52832_xxaa_nrf_drv_timer.c.o
LOAD _build/nrf52832_xxaa_nrf_drv_ppi.c.o
LOAD _build/nrf52832_xxaa_nrf_drv_twi.c.o
LOAD _build/nrf52832_xxaa_nrf_saadc.c.o
LOAD _build/nrf52832_xxaa_main.c.o
LOAD _build/nrf52832_xxaa_RTT_Syscalls_GCC.c.o
LOAD _build/nrf52832_xxaa_SEGGER_RTT.c.o
LOAD _build/nrf52832_xxaa_SEGGER_RTT_printf.c.o
LOAD _build/nrf52832_xxaa_diskio_blkdev.c.o
LOAD _build/nrf52832_xxaa_ff.c.o
LOAD _build/nrf52832_xxaa_nrf_esb.c.o
LOAD _build/nrf52832_xxaa_gcc_startup_nrf52.S.o
LOAD _build/nrf52832_xxaa_system_nrf52.c.o
LOAD /usr/local/gcc-arm-none-eabi-5_4-2016q3/bin/../lib/gcc/arm-none-eabi/5.4.1/../../../../arm-none-eabi/lib/armv7e-m/fpu/libm.a
START GROUP
LOAD /usr/local/gcc-arm-none-eabi-5_4-2016q3/bin/../lib/gcc/arm-none-eabi/5.4.1/armv7e-m/fpu/libgcc.a
LOAD /usr/local/gcc-arm-none-eabi-5_4-2016q3/bin/../lib/gcc/arm-none-eabi/5.4.1/../../../../arm-none-eabi/lib/armv7e-m/fpu/libc_nano.a
END GROUP
START GROUP
LOAD /usr/local/gcc-arm-none-eabi-5_4-2016q3/bin/../lib/gcc/arm-none-eabi/5.4.1/armv7e-m/fpu/libgcc.a
LOAD /usr/local/gcc-arm-none-eabi-5_4-2016q3/bin/../lib/gcc/arm-none-eabi/5.4.1/../../../../arm-none-eabi/lib/armv7e-m/fpu/libc_nano.a
END GROUP
LOAD /usr/local/gcc-arm-none-eabi-5_4-2016q3/bin/../lib/gcc/arm-none-eabi/5.4.1/armv7e-m/fpu/crtend.o
LOAD /usr/local/gcc-arm-none-eabi-5_4-2016q3/bin/../lib/gcc/arm-none-eabi/5.4.1/armv7e-m/fpu/crtn.o
START GROUP
LOAD /usr/local/gcc-arm-none-eabi-5_4-2016q3/bin/../lib/gcc/arm-none-eabi/5.4.1/armv7e-m/fpu/libgcc.a
LOAD /usr/local/gcc-arm-none-eabi-5_4-2016q3/bin/../lib/gcc/arm-none-eabi/5.4.1/../../../../arm-none-eabi/lib/armv7e-m/fpu/libc.a
LOAD /usr/local/gcc-arm-none-eabi-5_4-2016q3/bin/../lib/gcc/arm-none-eabi/5.4.1/../../../../arm-none-eabi/lib/armv7e-m/fpu/libnosys.a
END GROUP

.igot.plt       0x20000234        0x0 load address 0x0000786c
 .igot.plt      0x20000234        0x0 /usr/local/gcc-arm-none-eabi-5_4-2016q3/bin/../lib/gcc/arm-none-eabi/5.4.1/armv7e-m/fpu/crtbegin.o

.fs_data        0x20000234        0x0
                [!provide]                PROVIDE (__start_fs_data, .)
 *(.fs_data)
                [!provide]                PROVIDE (__stop_fs_data, .)

.pwr_mgmt_data  0x20000234        0x0
                [!provide]                PROVIDE (__start_pwr_mgmt_data, .)
 *(.pwr_mgmt_data)
                [!provide]                PROVIDE (__stop_pwr_mgmt_data, .)

.bss            0x20000234     0x3408 load address 0x0000786c
                0x20000234                . = ALIGN (0x4)
                0x20000234                __bss_start__ = .
 *(.bss*)
 .bss           0x20000234       0x1c /usr/local/gcc-arm-none-eabi-5_4-2016q3/bin/../lib/gcc/arm-none-eabi/5.4.1/armv7e-m/fpu/crtbegin.o
 .bss.m_uart_buffer
                0x20000250      0x100 _build/nrf52832_xxaa_nrf_log_backend_serial.c.o
 .bss.m_rx_done
                0x20000350        0x1 _build/nrf52832_xxaa_nrf_log_backend_serial.c.o
 .bss.m_blocking_mode
                0x20000351        0x1 _build/nrf52832_xxaa_nrf_log_backend_serial.c.o
 .bss.m_initialized
                0x20000352        0x1 _build/nrf52832_xxaa_nrf_log_backend_serial.c.o
 *fill*         0x20000353        0x1 
 .bss.m_log_data
                0x20000354       0x1c _build/nrf52832_xxaa_nrf_log_frontend.c.o
 .bss.m_cb      0x20000370       0x5c _build/nrf52832_xxaa_app_sdcard.c.o
 .bss.m_active_sdc_dev
                0x200003cc        0x4 _build/nrf52832_xxaa_nrf_block_dev_sdc.c.o
 .bss.m_last_result
                0x200003d0        0x1 _build/nrf52832_xxaa_nrf_block_dev_sdc.c.o
 *fill*         0x200003d1        0x3 
 .bss.m_cb      0x200003d4       0x20 _build/nrf52832_xxaa_nrf_drv_spi.c.o
 .bss.m_cb      0x200003f4       0x20 _build/nrf52832_xxaa_nrf_drv_uart.c.o
 .bss.m_cb      0x20000414        0xc _build/nrf52832_xxaa_nrf_drv_timer.c.o
 .bss.m_cb      0x20000420       0x28 _build/nrf52832_xxaa_nrf_drv_twi.c.o
 .bss.timeCounter
                0x20000448        0x4 _build/nrf52832_xxaa_main.c.o
 .bss.file.9420
                0x2000044c      0x228 _build/nrf52832_xxaa_main.c.o
 .bss.accelCounter
                0x20000674        0x4 _build/nrf52832_xxaa_main.c.o
 .bss.accelVals1
                0x20000678      0x4b0 _build/nrf52832_xxaa_main.c.o
 .bss.adcCounter1
                0x20000b28        0x4 _build/nrf52832_xxaa_main.c.o
 .bss.adc_result1
                0x20000b2c      0xaf0 _build/nrf52832_xxaa_main.c.o
 .bss.adc_result2
                0x2000161c      0xaf0 _build/nrf52832_xxaa_main.c.o
 .bss.RTC1_Milliseconds
                0x2000210c        0x4 _build/nrf52832_xxaa_main.c.o
 .bss.m_fromI2Cdevice
                0x20002110       0x14 _build/nrf52832_xxaa_main.c.o
 .bss.rx_payload
                0x20002124       0x25 _build/nrf52832_xxaa_main.c.o
 .bss.m_tx_done
                0x20002149        0x1 _build/nrf52832_xxaa_main.c.o
 *fill*         0x2000214a        0x2 
 .bss.timeinms  0x2000214c      0x320 _build/nrf52832_xxaa_main.c.o
 .bss.accelVals2
                0x2000246c      0x4b0 _build/nrf52832_xxaa_main.c.o
 .bss.RTC1_skip_increment_counter
                0x2000291c        0x1 _build/nrf52832_xxaa_main.c.o
 *fill*         0x2000291d        0x3 
 .bss.accelVals
                0x20002920      0x4b0 _build/nrf52832_xxaa_main.c.o
 .bss.accelCounter2
                0x20002dd0        0x4 _build/nrf52832_xxaa_main.c.o
 .bss.accelCounter1
                0x20002dd4        0x4 _build/nrf52832_xxaa_main.c.o
 .bss.m_block_dev_sdc_work
                0x20002dd8       0x1c _build/nrf52832_xxaa_main.c.o
 .bss.adcCounter2
                0x20002df4        0x4 _build/nrf52832_xxaa_main.c.o
 .bss.lFillBuffer1
                0x20002df8        0x1 _build/nrf52832_xxaa_main.c.o
 .bss.m_rx_done
                0x20002df9        0x1 _build/nrf52832_xxaa_main.c.o
 *fill*         0x20002dfa        0x2 
 .bss.fs.9430   0x20002dfc      0x230 _build/nrf52832_xxaa_main.c.o
 .bss.lFillBuffer2
                0x2000302c        0x1 _build/nrf52832_xxaa_main.c.o
 *fill*         0x2000302d        0x3 
 .bss._acDownBuffer
                0x20003030       0x10 _build/nrf52832_xxaa_SEGGER_RTT.c.o
 .bss._acUpBuffer
                0x20003040      0x200 _build/nrf52832_xxaa_SEGGER_RTT.c.o
 .bss.m_drives_count
                0x20003240        0x1 _build/nrf52832_xxaa_diskio_blkdev.c.o
 *fill*         0x20003241        0x3 
 .bss.m_drives  0x20003244        0x4 _build/nrf52832_xxaa_diskio_blkdev.c.o
 .bss.Fsid      0x20003248        0x2 _build/nrf52832_xxaa_ff.c.o
 *fill*         0x2000324a        0x2 
 .bss.FatFs     0x2000324c        0x4 _build/nrf52832_xxaa_ff.c.o
 .bss.m_esb_initialized
                0x20003250        0x1 _build/nrf52832_xxaa_nrf_esb.c.o
 *fill*         0x20003251        0x3 
 .bss.m_rx_payload_buffer
                0x20003254       0x22 _build/nrf52832_xxaa_nrf_esb.c.o
 *fill*         0x20003276        0x2 
 .bss.m_tx_payload_buffer
                0x20003278       0x22 _build/nrf52832_xxaa_nrf_esb.c.o
 *fill*         0x2000329a        0x2 
 .bss.m_retransmits_remaining
                0x2000329c        0x4 _build/nrf52832_xxaa_nrf_esb.c.o
 .bss.m_nrf_esb_mainstate
                0x200032a0        0x1 _build/nrf52832_xxaa_nrf_esb.c.o
 *fill*         0x200032a1        0x3 
 .bss.m_event_handler
                0x200032a4        0x4 _build/nrf52832_xxaa_nrf_esb.c.o
 .bss.update_rf_payload_format
                0x200032a8        0x4 _build/nrf52832_xxaa_nrf_esb.c.o
 .bss.m_rx_pipe_info
                0x200032ac       0x24 _build/nrf52832_xxaa_nrf_esb.c.o
 .bss.m_pids    0x200032d0        0x9 _build/nrf52832_xxaa_nrf_esb.c.o
 *fill*         0x200032d9        0x3 
 .bss.m_tx_fifo
                0x200032dc       0x2c _build/nrf52832_xxaa_nrf_esb.c.o
 .bss.m_interrupt_flags
                0x20003308        0x4 _build/nrf52832_xxaa_nrf_esb.c.o
 .bss.m_wait_for_ack_timeout_us
                0x2000330c        0x4 _build/nrf52832_xxaa_nrf_esb.c.o
 .bss.m_config_local
                0x20003310       0x18 _build/nrf52832_xxaa_nrf_esb.c.o
 .bss.m_rx_fifo_payload
                0x20003328      0x128 _build/nrf52832_xxaa_nrf_esb.c.o
 .bss.m_last_tx_attempts
                0x20003450        0x4 _build/nrf52832_xxaa_nrf_esb.c.o
 .bss.m_tx_fifo_payload
                0x20003454      0x128 _build/nrf52832_xxaa_nrf_esb.c.o
 .bss.mp_current_payload
                0x2000357c        0x4 _build/nrf52832_xxaa_nrf_esb.c.o
 .bss.m_rx_fifo
                0x20003580       0x2c _build/nrf52832_xxaa_nrf_esb.c.o
 .bss.on_radio_disabled
                0x200035ac        0x4 _build/nrf52832_xxaa_nrf_esb.c.o
 .bss.__malloc_sbrk_start
                0x200035b0        0x4 /usr/local/gcc-arm-none-eabi-5_4-2016q3/bin/../lib/gcc/arm-none-eabi/5.4.1/../../../../arm-none-eabi/lib/armv7e-m/fpu/libc_nano.a(lib_a-nano-mallocr.o)
                0x200035b0                __malloc_sbrk_start
 .bss.__malloc_free_list
                0x200035b4        0x4 /usr/local/gcc-arm-none-eabi-5_4-2016q3/bin/../lib/gcc/arm-none-eabi/5.4.1/../../../../arm-none-eabi/lib/armv7e-m/fpu/libc_nano.a(lib_a-nano-mallocr.o)
                0x200035b4                __malloc_free_list
 .bss.heap_end.4169
                0x200035b8        0x4 /usr/local/gcc-arm-none-eabi-5_4-2016q3/bin/../lib/gcc/arm-none-eabi/5.4.1/../../../../arm-none-eabi/lib/armv7e-m/fpu/libnosys.a(sbrk.o)
 *(COMMON)
 COMMON         0x200035bc        0x1 _build/nrf52832_xxaa_main.c.o
                0x200035bc                ff_result
 *fill*         0x200035bd        0x3 
 COMMON         0x200035c0       0x78 _build/nrf52832_xxaa_SEGGER_RTT.c.o
                0x200035c0                _SEGGER_RTT
 COMMON         0x20003638        0x4 /usr/local/gcc-arm-none-eabi-5_4-2016q3/bin/../lib/gcc/arm-none-eabi/5.4.1/../../../../arm-none-eabi/lib/armv7e-m/fpu/libc_nano.a(lib_a-reent.o)
                0x20003638                errno
                0x2000363c                . = ALIGN (0x4)
                0x2000363c                __bss_end__ = .

.heap           0x20003640     0x2000
                0x20003640                __HeapBase = .
                0x20003640                __end__ = .
                0x20003640                PROVIDE (end, .)
 *(.heap*)
 .heap          0x20003640     0x2000 _build/nrf52832_xxaa_gcc_startup_nrf52.S.o
                0x20005640                __HeapLimit = .

.stack_dummy    0x20003640     0x2000
 *(.stack*)
 .stack         0x20003640     0x2000 _build/nrf52832_xxaa_gcc_startup_nrf52.S.o
                0x20010000                __StackTop = (ORIGIN (RAM) + LENGTH (RAM))
                0x2000e000                __StackLimit = (__StackTop - SIZEOF (.stack_dummy))
                0x20010000                PROVIDE (__stack, __StackTop)
                0x00000001                ASSERT ((__StackLimit >= __HeapLimit), region RAM overflowed with stack)
OUTPUT(_build/nrf52832_xxaa.out elf32-littlearm)

.ARM.attributes
                0x00000000       0x30
 .ARM.attributes
                0x00000000       0x22 /usr/local/gcc-arm-none-eabi-5_4-2016q3/bin/../lib/gcc/arm-none-eabi/5.4.1/armv7e-m/fpu/crti.o
 .ARM.attributes
                0x00000022       0x34 /usr/local/gcc-arm-none-eabi-5_4-2016q3/bin/../lib/gcc/arm-none-eabi/5.4.1/armv7e-m/fpu/crtbegin.o
 .ARM.attributes
                0x00000056       0x20 /usr/local/gcc-arm-none-eabi-5_4-2016q3/bin/../lib/gcc/arm-none-eabi/5.4.1/../../../../arm-none-eabi/lib/armv7e-m/fpu/crt0.o
 .ARM.attributes
                0x00000076       0x34 /usr/local/gcc-arm-none-eabi-5_4-2016q3/bin/../lib/gcc/arm-none-eabi/5.4.1/../../../../arm-none-eabi/lib/armv7e-m/fpu/libc_nano.a(lib_a-exit.o)
 .ARM.attributes
                0x000000aa       0x34 /usr/local/gcc-arm-none-eabi-5_4-2016q3/bin/../lib/gcc/arm-none-eabi/5.4.1/../../../../arm-none-eabi/lib/armv7e-m/fpu/libc_nano.a(lib_a-impure.o)
 .ARM.attributes
                0x000000de       0x34 /usr/local/gcc-arm-none-eabi-5_4-2016q3/bin/../lib/gcc/arm-none-eabi/5.4.1/../../../../arm-none-eabi/lib/armv7e-m/fpu/libc_nano.a(lib_a-init.o)
 .ARM.attributes
                0x00000112       0x34 /usr/local/gcc-arm-none-eabi-5_4-2016q3/bin/../lib/gcc/arm-none-eabi/5.4.1/../../../../arm-none-eabi/lib/armv7e-m/fpu/libc_nano.a(lib_a-memset.o)
 .ARM.attributes
                0x00000146       0x34 /usr/local/gcc-arm-none-eabi-5_4-2016q3/bin/../lib/gcc/arm-none-eabi/5.4.1/../../../../arm-none-eabi/lib/armv7e-m/fpu/libnosys.a(_exit.o)
 .ARM.attributes
                0x0000017a       0x39 _build/nrf52832_xxaa_nrf_log_backend_serial.c.o
 .ARM.attributes
                0x000001b3       0x39 _build/nrf52832_xxaa_nrf_log_frontend.c.o
 .ARM.attributes
                0x000001ec       0x39 _build/nrf52832_xxaa_app_error.c.o
 .ARM.attributes
                0x00000225       0x39 _build/nrf52832_xxaa_app_error_weak.c.o
 .ARM.attributes
                0x0000025e       0x39 _build/nrf52832_xxaa_app_sdcard.c.o
 .ARM.attributes
                0x00000297       0x39 _build/nrf52832_xxaa_nrf_block_dev_sdc.c.o
 .ARM.attributes
                0x000002d0       0x39 _build/nrf52832_xxaa_nrf_drv_common.c.o
 .ARM.attributes
                0x00000309       0x39 _build/nrf52832_xxaa_nrf_drv_spi.c.o
 .ARM.attributes
                0x00000342       0x39 _build/nrf52832_xxaa_nrf_drv_uart.c.o
 .ARM.attributes
                0x0000037b       0x39 _build/nrf52832_xxaa_nrf_drv_timer.c.o
 .ARM.attributes
                0x000003b4       0x39 _build/nrf52832_xxaa_nrf_drv_twi.c.o
 .ARM.attributes
                0x000003ed       0x39 _build/nrf52832_xxaa_main.c.o
 .ARM.attributes
                0x00000426       0x39 _build/nrf52832_xxaa_SEGGER_RTT.c.o
 .ARM.attributes
                0x0000045f       0x39 _build/nrf52832_xxaa_diskio_blkdev.c.o
 .ARM.attributes
                0x00000498       0x39 _build/nrf52832_xxaa_ff.c.o
 .ARM.attributes
                0x000004d1       0x39 _build/nrf52832_xxaa_nrf_esb.c.o
 .ARM.attributes
                0x0000050a       0x1c _build/nrf52832_xxaa_gcc_startup_nrf52.S.o
 .ARM.attributes
                0x00000526       0x39 _build/nrf52832_xxaa_system_nrf52.c.o
 .ARM.attributes
                0x0000055f       0x34 /usr/local/gcc-arm-none-eabi-5_4-2016q3/bin/../lib/gcc/arm-none-eabi/5.4.1/../../../../arm-none-eabi/lib/armv7e-m/fpu/libc_nano.a(lib_a-locale.o)
 .ARM.attributes
                0x00000593       0x34 /usr/local/gcc-arm-none-eabi-5_4-2016q3/bin/../lib/gcc/arm-none-eabi/5.4.1/../../../../arm-none-eabi/lib/armv7e-m/fpu/libc_nano.a(lib_a-malloc.o)
 .ARM.attributes
                0x000005c7       0x34 /usr/local/gcc-arm-none-eabi-5_4-2016q3/bin/../lib/gcc/arm-none-eabi/5.4.1/../../../../arm-none-eabi/lib/armv7e-m/fpu/libc_nano.a(lib_a-mbtowc_r.o)
 .ARM.attributes
                0x000005fb       0x34 /usr/local/gcc-arm-none-eabi-5_4-2016q3/bin/../lib/gcc/arm-none-eabi/5.4.1/../../../../arm-none-eabi/lib/armv7e-m/fpu/libc_nano.a(lib_a-memcpy-stub.o)
 .ARM.attributes
                0x0000062f       0x34 /usr/local/gcc-arm-none-eabi-5_4-2016q3/bin/../lib/gcc/arm-none-eabi/5.4.1/../../../../arm-none-eabi/lib/armv7e-m/fpu/libc_nano.a(lib_a-nano-freer.o)
 .ARM.attributes
                0x00000663       0x34 /usr/local/gcc-arm-none-eabi-5_4-2016q3/bin/../lib/gcc/arm-none-eabi/5.4.1/../../../../arm-none-eabi/lib/armv7e-m/fpu/libc_nano.a(lib_a-nano-mallocr.o)
 .ARM.attributes
                0x00000697       0x34 /usr/local/gcc-arm-none-eabi-5_4-2016q3/bin/../lib/gcc/arm-none-eabi/5.4.1/../../../../arm-none-eabi/lib/armv7e-m/fpu/libc_nano.a(lib_a-sbrkr.o)
 .ARM.attributes
                0x000006cb       0x34 /usr/local/gcc-arm-none-eabi-5_4-2016q3/bin/../lib/gcc/arm-none-eabi/5.4.1/../../../../arm-none-eabi/lib/armv7e-m/fpu/libc_nano.a(lib_a-snprintf.o)
 .ARM.attributes
                0x000006ff       0x34 /usr/local/gcc-arm-none-eabi-5_4-2016q3/bin/../lib/gcc/arm-none-eabi/5.4.1/../../../../arm-none-eabi/lib/armv7e-m/fpu/libc_nano.a(lib_a-sprintf.o)
 .ARM.attributes
                0x00000733       0x34 /usr/local/gcc-arm-none-eabi-5_4-2016q3/bin/../lib/gcc/arm-none-eabi/5.4.1/../../../../arm-none-eabi/lib/armv7e-m/fpu/libc_nano.a(lib_a-strcpy.o)
 .ARM.attributes
                0x00000767       0x1b /usr/local/gcc-arm-none-eabi-5_4-2016q3/bin/../lib/gcc/arm-none-eabi/5.4.1/../../../../arm-none-eabi/lib/armv7e-m/fpu/libc_nano.a(lib_a-strlen.o)
 .ARM.attributes
                0x00000782       0x34 /usr/local/gcc-arm-none-eabi-5_4-2016q3/bin/../lib/gcc/arm-none-eabi/5.4.1/../../../../arm-none-eabi/lib/armv7e-m/fpu/libc_nano.a(lib_a-wctomb_r.o)
 .ARM.attributes
                0x000007b6       0x34 /usr/local/gcc-arm-none-eabi-5_4-2016q3/bin/../lib/gcc/arm-none-eabi/5.4.1/../../../../arm-none-eabi/lib/armv7e-m/fpu/libc_nano.a(lib_a-ctype_.o)
 .ARM.attributes
                0x000007ea       0x34 /usr/local/gcc-arm-none-eabi-5_4-2016q3/bin/../lib/gcc/arm-none-eabi/5.4.1/../../../../arm-none-eabi/lib/armv7e-m/fpu/libc_nano.a(lib_a-mlock.o)
 .ARM.attributes
                0x0000081e       0x34 /usr/local/gcc-arm-none-eabi-5_4-2016q3/bin/../lib/gcc/arm-none-eabi/5.4.1/../../../../arm-none-eabi/lib/armv7e-m/fpu/libc_nano.a(lib_a-nano-svfprintf.o)
 .ARM.attributes
                0x00000852       0x34 /usr/local/gcc-arm-none-eabi-5_4-2016q3/bin/../lib/gcc/arm-none-eabi/5.4.1/../../../../arm-none-eabi/lib/armv7e-m/fpu/libc_nano.a(lib_a-nano-vfprintf_i.o)
 .ARM.attributes
                0x00000886       0x34 /usr/local/gcc-arm-none-eabi-5_4-2016q3/bin/../lib/gcc/arm-none-eabi/5.4.1/../../../../arm-none-eabi/lib/armv7e-m/fpu/libc_nano.a(lib_a-reent.o)
 .ARM.attributes
                0x000008ba       0x20 /usr/local/gcc-arm-none-eabi-5_4-2016q3/bin/../lib/gcc/arm-none-eabi/5.4.1/../../../../arm-none-eabi/lib/armv7e-m/fpu/libc_nano.a(lib_a-memchr.o)
 .ARM.attributes
                0x000008da       0x34 /usr/local/gcc-arm-none-eabi-5_4-2016q3/bin/../lib/gcc/arm-none-eabi/5.4.1/../../../../arm-none-eabi/lib/armv7e-m/fpu/libc_nano.a(lib_a-memmove.o)
 .ARM.attributes
                0x0000090e       0x34 /usr/local/gcc-arm-none-eabi-5_4-2016q3/bin/../lib/gcc/arm-none-eabi/5.4.1/../../../../arm-none-eabi/lib/armv7e-m/fpu/libc_nano.a(lib_a-nano-reallocr.o)
 .ARM.attributes
                0x00000942       0x34 /usr/local/gcc-arm-none-eabi-5_4-2016q3/bin/../lib/gcc/arm-none-eabi/5.4.1/../../../../arm-none-eabi/lib/armv7e-m/fpu/libc_nano.a(lib_a-nano-msizer.o)
 .ARM.attributes
                0x00000976       0x34 /usr/local/gcc-arm-none-eabi-5_4-2016q3/bin/../lib/gcc/arm-none-eabi/5.4.1/armv7e-m/fpu/crtend.o
 .ARM.attributes
                0x000009aa       0x22 /usr/local/gcc-arm-none-eabi-5_4-2016q3/bin/../lib/gcc/arm-none-eabi/5.4.1/armv7e-m/fpu/crtn.o
 .ARM.attributes
                0x000009cc       0x34 /usr/local/gcc-arm-none-eabi-5_4-2016q3/bin/../lib/gcc/arm-none-eabi/5.4.1/../../../../arm-none-eabi/lib/armv7e-m/fpu/libnosys.a(sbrk.o)

.comment        0x00000000       0x6e
 .comment       0x00000000       0x6e _build/nrf52832_xxaa_nrf_log_backend_serial.c.o
                                 0x6f (size before relaxing)
 .comment       0x0000006e       0x6f _build/nrf52832_xxaa_nrf_log_frontend.c.o
 .comment       0x0000006e       0x6f _build/nrf52832_xxaa_app_error.c.o
 .comment       0x0000006e       0x6f _build/nrf52832_xxaa_app_error_weak.c.o
 .comment       0x0000006e       0x6f _build/nrf52832_xxaa_app_sdcard.c.o
 .comment       0x0000006e       0x6f _build/nrf52832_xxaa_nrf_block_dev_sdc.c.o
 .comment       0x0000006e       0x6f _build/nrf52832_xxaa_nrf_drv_common.c.o
 .comment       0x0000006e       0x6f _build/nrf52832_xxaa_nrf_drv_spi.c.o
 .comment       0x0000006e       0x6f _build/nrf52832_xxaa_nrf_drv_uart.c.o
 .comment       0x0000006e       0x6f _build/nrf52832_xxaa_nrf_drv_timer.c.o
 .comment       0x0000006e       0x6f _build/nrf52832_xxaa_nrf_drv_twi.c.o
 .comment       0x0000006e       0x6f _build/nrf52832_xxaa_main.c.o
 .comment       0x0000006e       0x6f _build/nrf52832_xxaa_SEGGER_RTT.c.o
 .comment       0x0000006e       0x6f _build/nrf52832_xxaa_diskio_blkdev.c.o
 .comment       0x0000006e       0x6f _build/nrf52832_xxaa_ff.c.o
 .comment       0x0000006e       0x6f _build/nrf52832_xxaa_nrf_esb.c.o
 .comment       0x0000006e       0x6f _build/nrf52832_xxaa_system_nrf52.c.o

.debug_frame    0x00000000     0x2320
 .debug_frame   0x00000000       0x28 /usr/local/gcc-arm-none-eabi-5_4-2016q3/bin/../lib/gcc/arm-none-eabi/5.4.1/../../../../arm-none-eabi/lib/armv7e-m/fpu/libc_nano.a(lib_a-exit.o)
 .debug_frame   0x00000028       0x2c /usr/local/gcc-arm-none-eabi-5_4-2016q3/bin/../lib/gcc/arm-none-eabi/5.4.1/../../../../arm-none-eabi/lib/armv7e-m/fpu/libc_nano.a(lib_a-init.o)
 .debug_frame   0x00000054       0x20 /usr/local/gcc-arm-none-eabi-5_4-2016q3/bin/../lib/gcc/arm-none-eabi/5.4.1/../../../../arm-none-eabi/lib/armv7e-m/fpu/libc_nano.a(lib_a-memset.o)
 .debug_frame   0x00000074       0x20 /usr/local/gcc-arm-none-eabi-5_4-2016q3/bin/../lib/gcc/arm-none-eabi/5.4.1/../../../../arm-none-eabi/lib/armv7e-m/fpu/libnosys.a(_exit.o)
 .debug_frame   0x00000094      0x170 _build/nrf52832_xxaa_nrf_log_backend_serial.c.o
 .debug_frame   0x00000204      0x1d8 _build/nrf52832_xxaa_nrf_log_frontend.c.o
 .debug_frame   0x000003dc       0x60 _build/nrf52832_xxaa_app_error.c.o
 .debug_frame   0x0000043c       0x28 _build/nrf52832_xxaa_app_error_weak.c.o
 .debug_frame   0x00000464      0x1d4 _build/nrf52832_xxaa_app_sdcard.c.o
 .debug_frame   0x00000638       0xfc _build/nrf52832_xxaa_nrf_block_dev_sdc.c.o
 .debug_frame   0x00000734       0x30 _build/nrf52832_xxaa_nrf_drv_common.c.o
 .debug_frame   0x00000764      0x11c _build/nrf52832_xxaa_nrf_drv_spi.c.o
 .debug_frame   0x00000880      0x148 _build/nrf52832_xxaa_nrf_drv_uart.c.o
 .debug_frame   0x000009c8      0x170 _build/nrf52832_xxaa_nrf_drv_timer.c.o
 .debug_frame   0x00000b38      0x178 _build/nrf52832_xxaa_nrf_drv_twi.c.o
 .debug_frame   0x00000cb0      0x2b0 _build/nrf52832_xxaa_main.c.o
 .debug_frame   0x00000f60      0x2bc _build/nrf52832_xxaa_SEGGER_RTT.c.o
 .debug_frame   0x0000121c      0x114 _build/nrf52832_xxaa_diskio_blkdev.c.o
 .debug_frame   0x00001330      0x604 _build/nrf52832_xxaa_ff.c.o
 .debug_frame   0x00001934      0x420 _build/nrf52832_xxaa_nrf_esb.c.o
 .debug_frame   0x00001d54       0xb8 _build/nrf52832_xxaa_system_nrf52.c.o
 .debug_frame   0x00001e0c       0x88 /usr/local/gcc-arm-none-eabi-5_4-2016q3/bin/../lib/gcc/arm-none-eabi/5.4.1/../../../../arm-none-eabi/lib/armv7e-m/fpu/libc_nano.a(lib_a-locale.o)
 .debug_frame   0x00001e94       0x30 /usr/local/gcc-arm-none-eabi-5_4-2016q3/bin/../lib/gcc/arm-none-eabi/5.4.1/../../../../arm-none-eabi/lib/armv7e-m/fpu/libc_nano.a(lib_a-malloc.o)
 .debug_frame   0x00001ec4       0x44 /usr/local/gcc-arm-none-eabi-5_4-2016q3/bin/../lib/gcc/arm-none-eabi/5.4.1/../../../../arm-none-eabi/lib/armv7e-m/fpu/libc_nano.a(lib_a-mbtowc_r.o)
 .debug_frame   0x00001f08       0x28 /usr/local/gcc-arm-none-eabi-5_4-2016q3/bin/../lib/gcc/arm-none-eabi/5.4.1/../../../../arm-none-eabi/lib/armv7e-m/fpu/libc_nano.a(lib_a-memcpy-stub.o)
 .debug_frame   0x00001f30       0x38 /usr/local/gcc-arm-none-eabi-5_4-2016q3/bin/../lib/gcc/arm-none-eabi/5.4.1/../../../../arm-none-eabi/lib/armv7e-m/fpu/libc_nano.a(lib_a-nano-freer.o)
 .debug_frame   0x00001f68       0x2c /usr/local/gcc-arm-none-eabi-5_4-2016q3/bin/../lib/gcc/arm-none-eabi/5.4.1/../../../../arm-none-eabi/lib/armv7e-m/fpu/libc_nano.a(lib_a-nano-mallocr.o)
 .debug_frame   0x00001f94       0x2c /usr/local/gcc-arm-none-eabi-5_4-2016q3/bin/../lib/gcc/arm-none-eabi/5.4.1/../../../../arm-none-eabi/lib/armv7e-m/fpu/libc_nano.a(lib_a-sbrkr.o)
 .debug_frame   0x00001fc0       0x74 /usr/local/gcc-arm-none-eabi-5_4-2016q3/bin/../lib/gcc/arm-none-eabi/5.4.1/../../../../arm-none-eabi/lib/armv7e-m/fpu/libc_nano.a(lib_a-snprintf.o)
 .debug_frame   0x00002034       0x70 /usr/local/gcc-arm-none-eabi-5_4-2016q3/bin/../lib/gcc/arm-none-eabi/5.4.1/../../../../arm-none-eabi/lib/armv7e-m/fpu/libc_nano.a(lib_a-sprintf.o)
 .debug_frame   0x000020a4       0x20 /usr/local/gcc-arm-none-eabi-5_4-2016q3/bin/../lib/gcc/arm-none-eabi/5.4.1/../../../../arm-none-eabi/lib/armv7e-m/fpu/libc_nano.a(lib_a-strcpy.o)
 .debug_frame   0x000020c4       0x3c /usr/local/gcc-arm-none-eabi-5_4-2016q3/bin/../lib/gcc/arm-none-eabi/5.4.1/../../../../arm-none-eabi/lib/armv7e-m/fpu/libc_nano.a(lib_a-wctomb_r.o)
 .debug_frame   0x00002100       0x30 /usr/local/gcc-arm-none-eabi-5_4-2016q3/bin/../lib/gcc/arm-none-eabi/5.4.1/../../../../arm-none-eabi/lib/armv7e-m/fpu/libc_nano.a(lib_a-mlock.o)
 .debug_frame   0x00002130       0x90 /usr/local/gcc-arm-none-eabi-5_4-2016q3/bin/../lib/gcc/arm-none-eabi/5.4.1/../../../../arm-none-eabi/lib/armv7e-m/fpu/libc_nano.a(lib_a-nano-svfprintf.o)
 .debug_frame   0x000021c0       0x60 /usr/local/gcc-arm-none-eabi-5_4-2016q3/bin/../lib/gcc/arm-none-eabi/5.4.1/../../../../arm-none-eabi/lib/armv7e-m/fpu/libc_nano.a(lib_a-nano-vfprintf_i.o)
 .debug_frame   0x00002220       0x5c /usr/local/gcc-arm-none-eabi-5_4-2016q3/bin/../lib/gcc/arm-none-eabi/5.4.1/../../../../arm-none-eabi/lib/armv7e-m/fpu/libc_nano.a(lib_a-reent.o)
 .debug_frame   0x0000227c       0x28 /usr/local/gcc-arm-none-eabi-5_4-2016q3/bin/../lib/gcc/arm-none-eabi/5.4.1/../../../../arm-none-eabi/lib/armv7e-m/fpu/libc_nano.a(lib_a-memmove.o)
 .debug_frame   0x000022a4       0x3c /usr/local/gcc-arm-none-eabi-5_4-2016q3/bin/../lib/gcc/arm-none-eabi/5.4.1/../../../../arm-none-eabi/lib/armv7e-m/fpu/libc_nano.a(lib_a-nano-reallocr.o)
 .debug_frame   0x000022e0       0x20 /usr/local/gcc-arm-none-eabi-5_4-2016q3/bin/../lib/gcc/arm-none-eabi/5.4.1/../../../../arm-none-eabi/lib/armv7e-m/fpu/libc_nano.a(lib_a-nano-msizer.o)
 .debug_frame   0x00002300       0x20 /usr/local/gcc-arm-none-eabi-5_4-2016q3/bin/../lib/gcc/arm-none-eabi/5.4.1/../../../../arm-none-eabi/lib/armv7e-m/fpu/libnosys.a(sbrk.o)

.debug_info     0x00000000    0x1bafe
 .debug_info    0x00000000     0x139d _build/nrf52832_xxaa_nrf_log_backend_serial.c.o
 .debug_info    0x0000139d      0xf77 _build/nrf52832_xxaa_nrf_log_frontend.c.o
 .debug_info    0x00002314      0x34d _build/nrf52832_xxaa_app_error.c.o
 .debug_info    0x00002661      0x35a _build/nrf52832_xxaa_app_error_weak.c.o
 .debug_info    0x000029bb     0x2bb2 _build/nrf52832_xxaa_app_sdcard.c.o
 .debug_info    0x0000556d      0xaf5 _build/nrf52832_xxaa_nrf_block_dev_sdc.c.o
 .debug_info    0x00006062      0x678 _build/nrf52832_xxaa_nrf_drv_common.c.o
 .debug_info    0x000066da     0x1f2f _build/nrf52832_xxaa_nrf_drv_spi.c.o
 .debug_info    0x00008609     0x452c _build/nrf52832_xxaa_nrf_drv_uart.c.o
 .debug_info    0x0000cb35     0x14c5 _build/nrf52832_xxaa_nrf_drv_timer.c.o
 .debug_info    0x0000dffa     0x2a9e _build/nrf52832_xxaa_nrf_drv_twi.c.o
 .debug_info    0x00010a98     0x31ef _build/nrf52832_xxaa_main.c.o
 .debug_info    0x00013c87     0x102e _build/nrf52832_xxaa_SEGGER_RTT.c.o
 .debug_info    0x00014cb5      0xa13 _build/nrf52832_xxaa_diskio_blkdev.c.o
 .debug_info    0x000156c8     0x3431 _build/nrf52832_xxaa_ff.c.o
 .debug_info    0x00018af9     0x21ef _build/nrf52832_xxaa_nrf_esb.c.o
 .debug_info    0x0001ace8      0xe16 _build/nrf52832_xxaa_system_nrf52.c.o

.debug_abbrev   0x00000000     0x3026
 .debug_abbrev  0x00000000      0x33c _build/nrf52832_xxaa_nrf_log_backend_serial.c.o
 .debug_abbrev  0x0000033c      0x2ba _build/nrf52832_xxaa_nrf_log_frontend.c.o
 .debug_abbrev  0x000005f6      0x12b _build/nrf52832_xxaa_app_error.c.o
 .debug_abbrev  0x00000721      0x155 _build/nrf52832_xxaa_app_error_weak.c.o
 .debug_abbrev  0x00000876      0x3fd _build/nrf52832_xxaa_app_sdcard.c.o
 .debug_abbrev  0x00000c73      0x24a _build/nrf52832_xxaa_nrf_block_dev_sdc.c.o
 .debug_abbrev  0x00000ebd      0x1a9 _build/nrf52832_xxaa_nrf_drv_common.c.o
 .debug_abbrev  0x00001066      0x3a5 _build/nrf52832_xxaa_nrf_drv_spi.c.o
 .debug_abbrev  0x0000140b      0x3b5 _build/nrf52832_xxaa_nrf_drv_uart.c.o
 .debug_abbrev  0x000017c0      0x2fd _build/nrf52832_xxaa_nrf_drv_timer.c.o
 .debug_abbrev  0x00001abd      0x420 _build/nrf52832_xxaa_nrf_drv_twi.c.o
 .debug_abbrev  0x00001edd      0x430 _build/nrf52832_xxaa_main.c.o
 .debug_abbrev  0x0000230d      0x235 _build/nrf52832_xxaa_SEGGER_RTT.c.o
 .debug_abbrev  0x00002542      0x2e0 _build/nrf52832_xxaa_diskio_blkdev.c.o
 .debug_abbrev  0x00002822      0x1e3 _build/nrf52832_xxaa_ff.c.o
 .debug_abbrev  0x00002a05      0x437 _build/nrf52832_xxaa_nrf_esb.c.o
 .debug_abbrev  0x00002e3c      0x1ea _build/nrf52832_xxaa_system_nrf52.c.o

.debug_loc      0x00000000     0xee62
 .debug_loc     0x00000000      0x893 _build/nrf52832_xxaa_nrf_log_backend_serial.c.o
 .debug_loc     0x00000893      0xda4 _build/nrf52832_xxaa_nrf_log_frontend.c.o
 .debug_loc     0x00001637      0x100 _build/nrf52832_xxaa_app_error.c.o
 .debug_loc     0x00001737       0x63 _build/nrf52832_xxaa_app_error_weak.c.o
 .debug_loc     0x0000179a     0x2035 _build/nrf52832_xxaa_app_sdcard.c.o
 .debug_loc     0x000037cf      0x75f _build/nrf52832_xxaa_nrf_block_dev_sdc.c.o
 .debug_loc     0x00003f2e       0xdf _build/nrf52832_xxaa_nrf_drv_common.c.o
 .debug_loc     0x0000400d      0xb65 _build/nrf52832_xxaa_nrf_drv_spi.c.o
 .debug_loc     0x00004b72     0x25f6 _build/nrf52832_xxaa_nrf_drv_uart.c.o
 .debug_loc     0x00007168      0x7ef _build/nrf52832_xxaa_nrf_drv_timer.c.o
 .debug_loc     0x00007957     0x14b5 _build/nrf52832_xxaa_nrf_drv_twi.c.o
 .debug_loc     0x00008e0c      0x782 _build/nrf52832_xxaa_main.c.o
 .debug_loc     0x0000958e     0x124b _build/nrf52832_xxaa_SEGGER_RTT.c.o
 .debug_loc     0x0000a7d9      0x620 _build/nrf52832_xxaa_diskio_blkdev.c.o
 .debug_loc     0x0000adf9     0x3641 _build/nrf52832_xxaa_ff.c.o
 .debug_loc     0x0000e43a      0xa28 _build/nrf52832_xxaa_nrf_esb.c.o

.debug_aranges  0x00000000      0x9f0
 .debug_aranges
                0x00000000       0x80 _build/nrf52832_xxaa_nrf_log_backend_serial.c.o
 .debug_aranges
                0x00000080       0x98 _build/nrf52832_xxaa_nrf_log_frontend.c.o
 .debug_aranges
                0x00000118       0x30 _build/nrf52832_xxaa_app_error.c.o
 .debug_aranges
                0x00000148       0x20 _build/nrf52832_xxaa_app_error_weak.c.o
 .debug_aranges
                0x00000168       0x80 _build/nrf52832_xxaa_app_sdcard.c.o
 .debug_aranges
                0x000001e8       0x58 _build/nrf52832_xxaa_nrf_block_dev_sdc.c.o
 .debug_aranges
                0x00000240       0x28 _build/nrf52832_xxaa_nrf_drv_common.c.o
 .debug_aranges
                0x00000268       0x68 _build/nrf52832_xxaa_nrf_drv_spi.c.o
 .debug_aranges
                0x000002d0       0x70 _build/nrf52832_xxaa_nrf_drv_uart.c.o
 .debug_aranges
                0x00000340       0x90 _build/nrf52832_xxaa_nrf_drv_timer.c.o
 .debug_aranges
                0x000003d0       0x88 _build/nrf52832_xxaa_nrf_drv_twi.c.o
 .debug_aranges
                0x00000458       0xd8 _build/nrf52832_xxaa_main.c.o
 .debug_aranges
                0x00000530       0xc8 _build/nrf52832_xxaa_SEGGER_RTT.c.o
 .debug_aranges
                0x000005f8       0x60 _build/nrf52832_xxaa_diskio_blkdev.c.o
 .debug_aranges
                0x00000658      0x1a0 _build/nrf52832_xxaa_ff.c.o
 .debug_aranges
                0x000007f8      0x190 _build/nrf52832_xxaa_nrf_esb.c.o
 .debug_aranges
                0x00000988       0x68 _build/nrf52832_xxaa_system_nrf52.c.o

.debug_ranges   0x00000000      0xa10
 .debug_ranges  0x00000000       0x70 _build/nrf52832_xxaa_nrf_log_backend_serial.c.o
 .debug_ranges  0x00000070       0x88 _build/nrf52832_xxaa_nrf_log_frontend.c.o
 .debug_ranges  0x000000f8       0x20 _build/nrf52832_xxaa_app_error.c.o
 .debug_ranges  0x00000118       0x10 _build/nrf52832_xxaa_app_error_weak.c.o
 .debug_ranges  0x00000128       0xc0 _build/nrf52832_xxaa_app_sdcard.c.o
 .debug_ranges  0x000001e8       0x78 _build/nrf52832_xxaa_nrf_block_dev_sdc.c.o
 .debug_ranges  0x00000260       0x18 _build/nrf52832_xxaa_nrf_drv_common.c.o
 .debug_ranges  0x00000278       0x70 _build/nrf52832_xxaa_nrf_drv_spi.c.o
 .debug_ranges  0x000002e8       0xb0 _build/nrf52832_xxaa_nrf_drv_uart.c.o
 .debug_ranges  0x00000398       0x80 _build/nrf52832_xxaa_nrf_drv_timer.c.o
 .debug_ranges  0x00000418       0x78 _build/nrf52832_xxaa_nrf_drv_twi.c.o
 .debug_ranges  0x00000490       0xe0 _build/nrf52832_xxaa_main.c.o
 .debug_ranges  0x00000570       0xb8 _build/nrf52832_xxaa_SEGGER_RTT.c.o
 .debug_ranges  0x00000628       0x80 _build/nrf52832_xxaa_diskio_blkdev.c.o
 .debug_ranges  0x000006a8      0x190 _build/nrf52832_xxaa_ff.c.o
 .debug_ranges  0x00000838      0x180 _build/nrf52832_xxaa_nrf_esb.c.o
 .debug_ranges  0x000009b8       0x58 _build/nrf52832_xxaa_system_nrf52.c.o

.debug_macro    0x00000000    0x166ff
 .debug_macro   0x00000000      0x33d _build/nrf52832_xxaa_nrf_log_backend_serial.c.o
 .debug_macro   0x0000033d      0x8d4 _build/nrf52832_xxaa_nrf_log_backend_serial.c.o
 .debug_macro   0x00000c11       0x22 _build/nrf52832_xxaa_nrf_log_backend_serial.c.o
 .debug_macro   0x00000c33       0x4f _build/nrf52832_xxaa_nrf_log_backend_serial.c.o
 .debug_macro   0x00000c82       0x44 _build/nrf52832_xxaa_nrf_log_backend_serial.c.o
 .debug_macro   0x00000cc6       0xfd _build/nrf52832_xxaa_nrf_log_backend_serial.c.o
 .debug_macro   0x00000dc3       0x5e _build/nrf52832_xxaa_nrf_log_backend_serial.c.o
 .debug_macro   0x00000e21      0x1df _build/nrf52832_xxaa_nrf_log_backend_serial.c.o
 .debug_macro   0x00001000       0x22 _build/nrf52832_xxaa_nrf_log_backend_serial.c.o
 .debug_macro   0x00001022       0x52 _build/nrf52832_xxaa_nrf_log_backend_serial.c.o
 .debug_macro   0x00001074       0x35 _build/nrf52832_xxaa_nrf_log_backend_serial.c.o
 .debug_macro   0x000010a9       0x9c _build/nrf52832_xxaa_nrf_log_backend_serial.c.o
 .debug_macro   0x00001145      0x16d _build/nrf52832_xxaa_nrf_log_backend_serial.c.o
 .debug_macro   0x000012b2       0x52 _build/nrf52832_xxaa_nrf_log_backend_serial.c.o
 .debug_macro   0x00001304       0x1f _build/nrf52832_xxaa_nrf_log_backend_serial.c.o
 .debug_macro   0x00001323       0x43 _build/nrf52832_xxaa_nrf_log_backend_serial.c.o
 .debug_macro   0x00001366       0x20 _build/nrf52832_xxaa_nrf_log_backend_serial.c.o
 .debug_macro   0x00001386      0x187 _build/nrf52832_xxaa_nrf_log_backend_serial.c.o
 .debug_macro   0x0000150d      0x330 _build/nrf52832_xxaa_nrf_log_backend_serial.c.o
 .debug_macro   0x0000183d       0x10 _build/nrf52832_xxaa_nrf_log_backend_serial.c.o
 .debug_macro   0x0000184d       0x35 _build/nrf52832_xxaa_nrf_log_backend_serial.c.o
 .debug_macro   0x00001882      0x234 _build/nrf52832_xxaa_nrf_log_backend_serial.c.o
 .debug_macro   0x00001ab6      0x167 _build/nrf52832_xxaa_nrf_log_backend_serial.c.o
 .debug_macro   0x00001c1d       0x2e _build/nrf52832_xxaa_nrf_log_backend_serial.c.o
 .debug_macro   0x00001c4b       0x22 _build/nrf52832_xxaa_nrf_log_backend_serial.c.o
 .debug_macro   0x00001c6d       0x8e _build/nrf52832_xxaa_nrf_log_backend_serial.c.o
 .debug_macro   0x00001cfb       0x9d _build/nrf52832_xxaa_nrf_log_backend_serial.c.o
 .debug_macro   0x00001d98       0x28 _build/nrf52832_xxaa_nrf_log_backend_serial.c.o
 .debug_macro   0x00001dc0       0x2d _build/nrf52832_xxaa_nrf_log_backend_serial.c.o
 .debug_macro   0x00001ded       0x3b _build/nrf52832_xxaa_nrf_log_backend_serial.c.o
 .debug_macro   0x00001e28       0x50 _build/nrf52832_xxaa_nrf_log_backend_serial.c.o
 .debug_macro   0x00001e78      0xe66 _build/nrf52832_xxaa_nrf_log_backend_serial.c.o
 .debug_macro   0x00002cde      0x392 _build/nrf52832_xxaa_nrf_log_backend_serial.c.o
 .debug_macro   0x00003070     0xcc76 _build/nrf52832_xxaa_nrf_log_backend_serial.c.o
 .debug_macro   0x0000fce6     0x130f _build/nrf52832_xxaa_nrf_log_backend_serial.c.o
 .debug_macro   0x00010ff5       0x82 _build/nrf52832_xxaa_nrf_log_backend_serial.c.o
 .debug_macro   0x00011077      0x394 _build/nrf52832_xxaa_nrf_log_backend_serial.c.o
 .debug_macro   0x0001140b       0x49 _build/nrf52832_xxaa_nrf_log_backend_serial.c.o
 .debug_macro   0x00011454       0x1c _build/nrf52832_xxaa_nrf_log_backend_serial.c.o
 .debug_macro   0x00011470       0x10 _build/nrf52832_xxaa_nrf_log_backend_serial.c.o
 .debug_macro   0x00011480       0x10 _build/nrf52832_xxaa_nrf_log_backend_serial.c.o
 .debug_macro   0x00011490       0xb6 _build/nrf52832_xxaa_nrf_log_backend_serial.c.o
 .debug_macro   0x00011546       0x16 _build/nrf52832_xxaa_nrf_log_backend_serial.c.o
 .debug_macro   0x0001155c      0x145 _build/nrf52832_xxaa_nrf_log_backend_serial.c.o
 .debug_macro   0x000116a1       0x2b _build/nrf52832_xxaa_nrf_log_backend_serial.c.o
 .debug_macro   0x000116cc       0x10 _build/nrf52832_xxaa_nrf_log_backend_serial.c.o
 .debug_macro   0x000116dc       0x74 _build/nrf52832_xxaa_nrf_log_backend_serial.c.o
 .debug_macro   0x00011750       0x22 _build/nrf52832_xxaa_nrf_log_backend_serial.c.o
 .debug_macro   0x00011772       0x22 _build/nrf52832_xxaa_nrf_log_backend_serial.c.o
 .debug_macro   0x00011794       0x52 _build/nrf52832_xxaa_nrf_log_backend_serial.c.o
 .debug_macro   0x000117e6       0x9c _build/nrf52832_xxaa_nrf_log_backend_serial.c.o
 .debug_macro   0x00011882       0x3a _build/nrf52832_xxaa_nrf_log_backend_serial.c.o
 .debug_macro   0x000118bc      0x114 _build/nrf52832_xxaa_nrf_log_backend_serial.c.o
 .debug_macro   0x000119d0      0x296 _build/nrf52832_xxaa_nrf_log_backend_serial.c.o
 .debug_macro   0x00011c66       0x10 _build/nrf52832_xxaa_nrf_log_backend_serial.c.o
 .debug_macro   0x00011c76       0x42 _build/nrf52832_xxaa_nrf_log_backend_serial.c.o
 .debug_macro   0x00011cb8      0x2fe _build/nrf52832_xxaa_nrf_log_frontend.c.o
 .debug_macro   0x00011fb6       0x22 _build/nrf52832_xxaa_nrf_log_frontend.c.o
 .debug_macro   0x00011fd8      0x166 _build/nrf52832_xxaa_nrf_log_frontend.c.o
 .debug_macro   0x0001213e       0x59 _build/nrf52832_xxaa_nrf_log_frontend.c.o
 .debug_macro   0x00012197       0x28 _build/nrf52832_xxaa_nrf_log_frontend.c.o
 .debug_macro   0x000121bf      0x2b9 _build/nrf52832_xxaa_app_error.c.o
 .debug_macro   0x00012478       0x35 _build/nrf52832_xxaa_app_error.c.o
 .debug_macro   0x000124ad       0x22 _build/nrf52832_xxaa_app_error.c.o
 .debug_macro   0x000124cf       0x16 _build/nrf52832_xxaa_app_error.c.o
 .debug_macro   0x000124e5       0x97 _build/nrf52832_xxaa_app_error.c.o
 .debug_macro   0x0001257c       0xf6 _build/nrf52832_xxaa_app_error.c.o
 .debug_macro   0x00012672       0x16 _build/nrf52832_xxaa_app_error.c.o
 .debug_macro   0x00012688      0x39a _build/nrf52832_xxaa_app_error.c.o
 .debug_macro   0x00012a22      0x160 _build/nrf52832_xxaa_app_error.c.o
 .debug_macro   0x00012b82       0x16 _build/nrf52832_xxaa_app_error.c.o
 .debug_macro   0x00012b98      0x2b9 _build/nrf52832_xxaa_app_error_weak.c.o
 .debug_macro   0x00012e51       0x1c _build/nrf52832_xxaa_app_error_weak.c.o
 .debug_macro   0x00012e6d      0x493 _build/nrf52832_xxaa_app_sdcard.c.o
 .debug_macro   0x00013300       0x10 _build/nrf52832_xxaa_app_sdcard.c.o
 .debug_macro   0x00013310       0x16 _build/nrf52832_xxaa_app_sdcard.c.o
 .debug_macro   0x00013326       0x22 _build/nrf52832_xxaa_app_sdcard.c.o
 .debug_macro   0x00013348       0x16 _build/nrf52832_xxaa_app_sdcard.c.o
 .debug_macro   0x0001335e       0x92 _build/nrf52832_xxaa_app_sdcard.c.o
 .debug_macro   0x000133f0       0x22 _build/nrf52832_xxaa_app_sdcard.c.o
 .debug_macro   0x00013412       0x73 _build/nrf52832_xxaa_app_sdcard.c.o
 .debug_macro   0x00013485      0x2b1 _build/nrf52832_xxaa_nrf_block_dev_sdc.c.o
 .debug_macro   0x00013736       0x1e _build/nrf52832_xxaa_nrf_block_dev_sdc.c.o
 .debug_macro   0x00013754       0x10 _build/nrf52832_xxaa_nrf_block_dev_sdc.c.o
 .debug_macro   0x00013764      0x2a4 _build/nrf52832_xxaa_nrf_drv_common.c.o
 .debug_macro   0x00013a08       0x22 _build/nrf52832_xxaa_nrf_drv_common.c.o
 .debug_macro   0x00013a2a      0x38b _build/nrf52832_xxaa_nrf_drv_spi.c.o
 .debug_macro   0x00013db5       0x16 _build/nrf52832_xxaa_nrf_drv_spi.c.o
 .debug_macro   0x00013dcb      0x373 _build/nrf52832_xxaa_nrf_drv_uart.c.o
 .debug_macro   0x0001413e       0x28 _build/nrf52832_xxaa_nrf_drv_uart.c.o
 .debug_macro   0x00014166      0x31d _build/nrf52832_xxaa_nrf_drv_timer.c.o
 .debug_macro   0x00014483       0x1c _build/nrf52832_xxaa_nrf_drv_timer.c.o
 .debug_macro   0x0001449f       0x34 _build/nrf52832_xxaa_nrf_drv_timer.c.o
 .debug_macro   0x000144d3      0x3ca _build/nrf52832_xxaa_nrf_drv_twi.c.o
 .debug_macro   0x0001489d       0x62 _build/nrf52832_xxaa_nrf_drv_twi.c.o
 .debug_macro   0x000148ff       0x10 _build/nrf52832_xxaa_nrf_drv_twi.c.o
 .debug_macro   0x0001490f      0x4d9 _build/nrf52832_xxaa_main.c.o
 .debug_macro   0x00014de8       0x4c _build/nrf52832_xxaa_main.c.o
 .debug_macro   0x00014e34       0x55 _build/nrf52832_xxaa_main.c.o
 .debug_macro   0x00014e89      0x10e _build/nrf52832_xxaa_main.c.o
 .debug_macro   0x00014f97       0x86 _build/nrf52832_xxaa_main.c.o
 .debug_macro   0x0001501d       0x4a _build/nrf52832_xxaa_main.c.o
 .debug_macro   0x00015067       0xa7 _build/nrf52832_xxaa_main.c.o
 .debug_macro   0x0001510e       0x16 _build/nrf52832_xxaa_main.c.o
 .debug_macro   0x00015124       0x10 _build/nrf52832_xxaa_main.c.o
 .debug_macro   0x00015134       0x10 _build/nrf52832_xxaa_main.c.o
 .debug_macro   0x00015144       0x2e _build/nrf52832_xxaa_main.c.o
 .debug_macro   0x00015172      0x22e _build/nrf52832_xxaa_main.c.o
 .debug_macro   0x000153a0       0x22 _build/nrf52832_xxaa_main.c.o
 .debug_macro   0x000153c2       0x1c _build/nrf52832_xxaa_main.c.o
 .debug_macro   0x000153de       0xdc _build/nrf52832_xxaa_main.c.o
 .debug_macro   0x000154ba       0x22 _build/nrf52832_xxaa_main.c.o
 .debug_macro   0x000154dc       0xe9 _build/nrf52832_xxaa_main.c.o
 .debug_macro   0x000155c5       0xe0 _build/nrf52832_xxaa_main.c.o
 .debug_macro   0x000156a5       0x94 _build/nrf52832_xxaa_main.c.o
 .debug_macro   0x00015739       0x16 _build/nrf52832_xxaa_main.c.o
 .debug_macro   0x0001574f       0x10 _build/nrf52832_xxaa_main.c.o
 .debug_macro   0x0001575f      0x282 _build/nrf52832_xxaa_SEGGER_RTT.c.o
 .debug_macro   0x000159e1       0x34 _build/nrf52832_xxaa_SEGGER_RTT.c.o
 .debug_macro   0x00015a15      0x2a9 _build/nrf52832_xxaa_diskio_blkdev.c.o
 .debug_macro   0x00015cbe       0x8e _build/nrf52832_xxaa_diskio_blkdev.c.o
 .debug_macro   0x00015d4c      0x457 _build/nrf52832_xxaa_ff.c.o
 .debug_macro   0x000161a3       0xe7 _build/nrf52832_xxaa_ff.c.o
 .debug_macro   0x0001628a      0x36a _build/nrf52832_xxaa_nrf_esb.c.o
 .debug_macro   0x000165f4       0x16 _build/nrf52832_xxaa_nrf_esb.c.o
 .debug_macro   0x0001660a       0xf5 _build/nrf52832_xxaa_system_nrf52.c.o

.debug_line     0x00000000     0xa141
 .debug_line    0x00000000      0x88c _build/nrf52832_xxaa_nrf_log_backend_serial.c.o
 .debug_line    0x0000088c      0x793 _build/nrf52832_xxaa_nrf_log_frontend.c.o
 .debug_line    0x0000101f      0x600 _build/nrf52832_xxaa_app_error.c.o
 .debug_line    0x0000161f      0x5cf _build/nrf52832_xxaa_app_error_weak.c.o
 .debug_line    0x00001bee      0xd6f _build/nrf52832_xxaa_app_sdcard.c.o
 .debug_line    0x0000295d      0x6f2 _build/nrf52832_xxaa_nrf_block_dev_sdc.c.o
 .debug_line    0x0000304f      0x5d3 _build/nrf52832_xxaa_nrf_drv_common.c.o
 .debug_line    0x00003622      0x964 _build/nrf52832_xxaa_nrf_drv_spi.c.o
 .debug_line    0x00003f86      0xf8d _build/nrf52832_xxaa_nrf_drv_uart.c.o
 .debug_line    0x00004f13      0x932 _build/nrf52832_xxaa_nrf_drv_timer.c.o
 .debug_line    0x00005845      0xc02 _build/nrf52832_xxaa_nrf_drv_twi.c.o
 .debug_line    0x00006447      0xf07 _build/nrf52832_xxaa_main.c.o
 .debug_line    0x0000734e      0x7c4 _build/nrf52832_xxaa_SEGGER_RTT.c.o
 .debug_line    0x00007b12      0x735 _build/nrf52832_xxaa_diskio_blkdev.c.o
 .debug_line    0x00008247      0xd63 _build/nrf52832_xxaa_ff.c.o
 .debug_line    0x00008faa      0xd0b _build/nrf52832_xxaa_nrf_esb.c.o
 .debug_line    0x00009cb5      0x48c _build/nrf52832_xxaa_system_nrf52.c.o

.debug_str      0x00000000    0x73242
 .debug_str     0x00000000    0x64fff _build/nrf52832_xxaa_nrf_log_backend_serial.c.o
                              0x65bbc (size before relaxing)
 .debug_str     0x00064fff     0x1c05 _build/nrf52832_xxaa_nrf_log_frontend.c.o
                              0x657c5 (size before relaxing)
 .debug_str     0x00066c04      0x11d _build/nrf52832_xxaa_app_error.c.o
                              0x651a4 (size before relaxing)
 .debug_str     0x00066d21       0xce _build/nrf52832_xxaa_app_error_weak.c.o
                              0x65144 (size before relaxing)
 .debug_str     0x00066def     0x228f _build/nrf52832_xxaa_app_sdcard.c.o
                              0x62f4d (size before relaxing)
 .debug_str     0x0006907e      0x79c _build/nrf52832_xxaa_nrf_block_dev_sdc.c.o
                              0x64258 (size before relaxing)
 .debug_str     0x0006981a      0x269 _build/nrf52832_xxaa_nrf_drv_common.c.o
                              0x643aa (size before relaxing)
 .debug_str     0x00069a83      0x793 _build/nrf52832_xxaa_nrf_drv_spi.c.o
                              0x670fb (size before relaxing)
 .debug_str     0x0006a216      0xdeb _build/nrf52832_xxaa_nrf_drv_uart.c.o
                              0x6789a (size before relaxing)
 .debug_str     0x0006b001     0x1274 _build/nrf52832_xxaa_nrf_drv_timer.c.o
                              0x66efc (size before relaxing)
 .debug_str     0x0006c275     0x1657 _build/nrf52832_xxaa_nrf_drv_twi.c.o
                              0x67692 (size before relaxing)
 .debug_str     0x0006d8cc     0x37d7 _build/nrf52832_xxaa_main.c.o
                              0x6af93 (size before relaxing)
 .debug_str     0x000710a3      0x3ff _build/nrf52832_xxaa_SEGGER_RTT.c.o
                              0x60f14 (size before relaxing)
 .debug_str     0x000714a2      0x18d _build/nrf52832_xxaa_diskio_blkdev.c.o
                              0x63ec2 (size before relaxing)
 .debug_str     0x0007162f      0xd3c _build/nrf52832_xxaa_ff.c.o
                               0x3c93 (size before relaxing)
 .debug_str     0x0007236b      0xc6f _build/nrf52832_xxaa_nrf_esb.c.o
                              0x6701c (size before relaxing)
 .debug_str     0x00072fda      0x268 _build/nrf52832_xxaa_system_nrf52.c.o
                              0x5ba62 (size before relaxing)
